Component: Arm Compiler for Embedded 6.24 Tool: armlink [5f371500]

==============================================================================

Section Cross References

    startup_stm32f091xc.o(STACK) refers (Special) to heapauxi.o(.text) for __use_two_region_memory
    startup_stm32f091xc.o(HEAP) refers (Special) to heapauxi.o(.text) for __use_two_region_memory
    startup_stm32f091xc.o(RESET) refers (Special) to heapauxi.o(.text) for __use_two_region_memory
    startup_stm32f091xc.o(RESET) refers to startup_stm32f091xc.o(STACK) for __initial_sp
    startup_stm32f091xc.o(RESET) refers to startup_stm32f091xc.o(.text) for Reset_Handler
    startup_stm32f091xc.o(RESET) refers to stm32f0xx_it.o(.text.NMI_Handler) for NMI_Handler
    startup_stm32f091xc.o(RESET) refers to stm32f0xx_it.o(.text.HardFault_Handler) for HardFault_Handler
    startup_stm32f091xc.o(RESET) refers to stm32f0xx_it.o(.text.SVC_Handler) for SVC_Handler
    startup_stm32f091xc.o(RESET) refers to stm32f0xx_it.o(.text.PendSV_Handler) for PendSV_Handler
    startup_stm32f091xc.o(RESET) refers to stm32f0xx_it.o(.text.SysTick_Handler) for SysTick_Handler
    startup_stm32f091xc.o(RESET) refers to stm32f0xx_it.o(.text.TIM6_DAC_IRQHandler) for TIM6_DAC_IRQHandler
    startup_stm32f091xc.o(.text) refers (Special) to heapauxi.o(.text) for __use_two_region_memory
    startup_stm32f091xc.o(.text) refers to system_stm32f0xx.o(.text.SystemInit) for SystemInit
    startup_stm32f091xc.o(.text) refers to __main.o(!!!main) for __main
    startup_stm32f091xc.o(.text) refers to startup_stm32f091xc.o(HEAP) for Heap_Mem
    startup_stm32f091xc.o(.text) refers to startup_stm32f091xc.o(STACK) for Stack_Mem
    main.o(.text) refers (Special) to _printf_percent.o(.ARM.Collect$$_printf_percent$$00000000) for _printf_percent
    main.o(.text) refers (Special) to _printf_d.o(.ARM.Collect$$_printf_percent$$00000009) for _printf_d
    main.o(.text) refers (Special) to _printf_f.o(.ARM.Collect$$_printf_percent$$00000003) for _printf_f
    main.o(.text) refers (Special) to _printf_dec.o(.text) for _printf_int_dec
    main.o(.text) refers (Special) to printf1.o(x$fpl$printf1) for _printf_fp_dec
    main.o(.text.SaveConfig) refers (Special) to _printf_percent.o(.ARM.Collect$$_printf_percent$$00000000) for _printf_percent
    main.o(.text.SaveConfig) refers (Special) to _printf_d.o(.ARM.Collect$$_printf_percent$$00000009) for _printf_d
    main.o(.text.SaveConfig) refers (Special) to _printf_f.o(.ARM.Collect$$_printf_percent$$00000003) for _printf_f
    main.o(.text.SaveConfig) refers (Special) to _printf_dec.o(.text) for _printf_int_dec
    main.o(.text.SaveConfig) refers (Special) to printf1.o(x$fpl$printf1) for _printf_fp_dec
    main.o(.text.SaveConfig) refers to stm32f0xx_hal_flash.o(.text.HAL_FLASH_Unlock) for HAL_FLASH_Unlock
    main.o(.text.SaveConfig) refers to stm32f0xx_hal_flash_ex.o(.text.HAL_FLASHEx_Erase) for HAL_FLASHEx_Erase
    main.o(.text.SaveConfig) refers to stm32f0xx_hal_flash.o(.text.HAL_FLASH_Lock) for HAL_FLASH_Lock
    main.o(.text.SaveConfig) refers to stm32f0xx_hal_flash.o(.text.HAL_FLASH_Program) for HAL_FLASH_Program
    main.o(.text.SaveConfig) refers to main.o(.bss..L_MergedGlobals) for [Anonymous Symbol]
    main.o(.ARM.exidx.text.SaveConfig) refers (Special) to _printf_percent.o(.ARM.Collect$$_printf_percent$$00000000) for _printf_percent
    main.o(.ARM.exidx.text.SaveConfig) refers (Special) to _printf_d.o(.ARM.Collect$$_printf_percent$$00000009) for _printf_d
    main.o(.ARM.exidx.text.SaveConfig) refers (Special) to _printf_f.o(.ARM.Collect$$_printf_percent$$00000003) for _printf_f
    main.o(.ARM.exidx.text.SaveConfig) refers (Special) to _printf_dec.o(.text) for _printf_int_dec
    main.o(.ARM.exidx.text.SaveConfig) refers (Special) to printf1.o(x$fpl$printf1) for _printf_fp_dec
    main.o(.ARM.exidx.text.SaveConfig) refers to main.o(.text.SaveConfig) for [Anonymous Symbol]
    main.o(.text.LoadConfig) refers (Special) to _printf_percent.o(.ARM.Collect$$_printf_percent$$00000000) for _printf_percent
    main.o(.text.LoadConfig) refers (Special) to _printf_d.o(.ARM.Collect$$_printf_percent$$00000009) for _printf_d
    main.o(.text.LoadConfig) refers (Special) to _printf_f.o(.ARM.Collect$$_printf_percent$$00000003) for _printf_f
    main.o(.text.LoadConfig) refers (Special) to _printf_dec.o(.text) for _printf_int_dec
    main.o(.text.LoadConfig) refers (Special) to printf1.o(x$fpl$printf1) for _printf_fp_dec
    main.o(.text.LoadConfig) refers to main.o(.text.SaveConfig) for SaveConfig
    main.o(.text.LoadConfig) refers to main.o(.bss..L_MergedGlobals) for [Anonymous Symbol]
    main.o(.ARM.exidx.text.LoadConfig) refers (Special) to _printf_percent.o(.ARM.Collect$$_printf_percent$$00000000) for _printf_percent
    main.o(.ARM.exidx.text.LoadConfig) refers (Special) to _printf_d.o(.ARM.Collect$$_printf_percent$$00000009) for _printf_d
[...]
    I2C_WaitOnSTOPFlagUntilTimeout           0x08004f99   Thumb Code   134  stm32f0xx_hal_i2c.o(.text.I2C_WaitOnSTOPFlagUntilTimeout)
    [Anonymous Symbol]                       0x08004f98   Section        0  stm32f0xx_hal_i2c.o(.text.I2C_WaitOnSTOPFlagUntilTimeout)
    I2C_WaitOnTXISFlagUntilTimeout           0x0800501f   Thumb Code   166  stm32f0xx_hal_i2c.o(.text.I2C_WaitOnTXISFlagUntilTimeout)
    [Anonymous Symbol]                       0x0800501e   Section        0  stm32f0xx_hal_i2c.o(.text.I2C_WaitOnTXISFlagUntilTimeout)
    [Anonymous Symbol]                       0x080050c4   Section        0  stm32f0xx_it.o(.text.NMI_Handler)
    [Anonymous Symbol]                       0x080050c6   Section        0  stm32f0xx_it.o(.text.PendSV_Handler)
    [Anonymous Symbol]                       0x080050c8   Section        0  stm32f0xx_it.o(.text.SVC_Handler)
    [Anonymous Symbol]                       0x080050cc   Section        0  main.o(.text.SaveConfig)
    __arm_cp.0_0                             0x08005128   Number         4  main.o(.text.SaveConfig)
    __arm_cp.0_1                             0x0800512c   Number         4  main.o(.text.SaveConfig)
    [Anonymous Symbol]                       0x08005130   Section        0  stm32f0xx_it.o(.text.SysTick_Handler)
    [Anonymous Symbol]                       0x08005138   Section        0  system_stm32f0xx.o(.text.SystemInit)
    [Anonymous Symbol]                       0x0800513c   Section        0  stm32f0xx_it.o(.text.TIM6_DAC_IRQHandler)
    __arm_cp.5_0                             0x08005148   Number         4  stm32f0xx_it.o(.text.TIM6_DAC_IRQHandler)
    [Anonymous Symbol]                       0x0800514c   Section        0  stm32f0xx_hal_uart.o(.text.UART_AdvFeatureConfig)
    [Anonymous Symbol]                       0x08005220   Section        0  stm32f0xx_hal_uart.o(.text.UART_CheckIdleState)
    __arm_cp.4_0                             0x080052ec   Number         4  stm32f0xx_hal_uart.o(.text.UART_CheckIdleState)
    [Anonymous Symbol]                       0x080052f0   Section        0  stm32f0xx_hal_uart.o(.text.UART_SetConfig)
    __arm_cp.3_0                             0x08005444   Number         4  stm32f0xx_hal_uart.o(.text.UART_SetConfig)
    __arm_cp.3_1                             0x08005448   Number         4  stm32f0xx_hal_uart.o(.text.UART_SetConfig)
    __arm_cp.3_2                             0x0800544c   Number         4  stm32f0xx_hal_uart.o(.text.UART_SetConfig)
    __arm_cp.3_3                             0x08005450   Number         4  stm32f0xx_hal_uart.o(.text.UART_SetConfig)
    __arm_cp.3_4                             0x08005454   Number         4  stm32f0xx_hal_uart.o(.text.UART_SetConfig)
    __arm_cp.3_5                             0x08005458   Number         4  stm32f0xx_hal_uart.o(.text.UART_SetConfig)
    __arm_cp.3_6                             0x0800545c   Number         4  stm32f0xx_hal_uart.o(.text.UART_SetConfig)
    __arm_cp.3_7                             0x08005460   Number         4  stm32f0xx_hal_uart.o(.text.UART_SetConfig)
    __arm_cp.3_8                             0x08005464   Number         4  stm32f0xx_hal_uart.o(.text.UART_SetConfig)
    __arm_cp.3_9                             0x08005468   Number         4  stm32f0xx_hal_uart.o(.text.UART_SetConfig)
    __arm_cp.3_10                            0x0800546c   Number         4  stm32f0xx_hal_uart.o(.text.UART_SetConfig)
    __arm_cp.3_11                            0x08005470   Number         4  stm32f0xx_hal_uart.o(.text.UART_SetConfig)
    __arm_cp.3_12                            0x08005474   Number         4  stm32f0xx_hal_uart.o(.text.UART_SetConfig)
    __arm_cp.3_13                            0x08005478   Number         4  stm32f0xx_hal_uart.o(.text.UART_SetConfig)
    __arm_cp.3_14                            0x0800547c   Number         4  stm32f0xx_hal_uart.o(.text.UART_SetConfig)
    __arm_cp.3_15                            0x08005480   Number         4  stm32f0xx_hal_uart.o(.text.UART_SetConfig)
    [Anonymous Symbol]                       0x08005484   Section        0  stm32f0xx_hal_uart.o(.text.UART_WaitOnFlagUntilTimeout)
    [Anonymous Symbol]                       0x08005640   Section        0  filteringfunctions.o(.text.arm_biquad_cascade_df1_init_q15)
    [Anonymous Symbol]                       0x0800565c   Section        0  filteringfunctions.o(.text.arm_biquad_cascade_df1_q15)
    __arm_cp.8_0                             0x080058a8   Number         4  filteringfunctions.o(.text.arm_biquad_cascade_df1_q15)
    __arm_cp.8_1                             0x080058ac   Number         4  filteringfunctions.o(.text.arm_biquad_cascade_df1_q15)
    [Anonymous Symbol]                       0x080058b0   Section        0  main.o(.text.fputc)
    __arm_cp.8_0                             0x080058cc   Number         4  main.o(.text.fputc)
    [Anonymous Symbol]                       0x080058d0   Section        0  main.o(.text.main)
    __arm_cp.4_58                            0x08005d0c   Number         4  main.o(.text.main)
    __arm_cp.4_40                            0x08005d30   Number         4  main.o(.text.main)
    __arm_cp.4_41                            0x08005d34   Number         4  main.o(.text.main)
    __arm_cp.4_42                            0x08005d38   Number         4  main.o(.text.main)
    __arm_cp.4_43                            0x08005d3c   Number         4  main.o(.text.main)
    __arm_cp.4_44                            0x08005d40   Number         4  main.o(.text.main)
    __arm_cp.4_45                            0x08005d44   Number         4  main.o(.text.main)
    __arm_cp.4_46                            0x08005d48   Number         4  main.o(.text.main)
    __arm_cp.4_47                            0x08005d4c   Number         4  main.o(.text.main)
    __arm_cp.4_48                            0x08005d50   Number         4  main.o(.text.main)
    __arm_cp.4_49                            0x08005d54   Number         4  main.o(.text.main)
    __arm_cp.4_50                            0x08005d58   Number         4  main.o(.text.main)
    __arm_cp.4_52                            0x08005d60   Number         4  main.o(.text.main)
    __arm_cp.4_54                            0x08005d68   Number         4  main.o(.text.main)
    __arm_cp.4_55                            0x08005d6c   Number         4  main.o(.text.main)
    __arm_cp.4_56                            0x08005d70   Number         4  main.o(.text.main)
    __arm_cp.4_12                            0x08006080   Number         4  main.o(.text.main)
    __arm_cp.4_14                            0x08006084   Number         4  main.o(.text.main)
    __arm_cp.4_20                            0x080060b0   Number         4  main.o(.text.main)
    __arm_cp.4_21                            0x080060b4   Number         4  main.o(.text.main)
    __arm_cp.4_26                            0x0800610c   Number         4  main.o(.text.main)
    __arm_cp.4_28                            0x08006118   Number         4  main.o(.text.main)
    __arm_cp.4_29                            0x0800611c   Number         4  main.o(.text.main)
    __arm_cp.4_30                            0x08006120   Number         4  main.o(.text.main)
    __arm_cp.4_31                            0x08006124   Number         4  main.o(.text.main)
    __arm_cp.4_32                            0x08006128   Number         4  main.o(.text.main)
    __arm_cp.4_33                            0x0800612c   Number         4  main.o(.text.main)
    __arm_cp.4_34                            0x08006130   Number         4  main.o(.text.main)
    __arm_cp.4_35                            0x08006134   Number         4  main.o(.text.main)
    __arm_cp.4_36                            0x08006138   Number         4  main.o(.text.main)
    __arm_cp.4_37                            0x0800613c   Number         4  main.o(.text.main)
    __arm_cp.4_38                            0x08006140   Number         4  main.o(.text.main)
    .text_divfast                            0x08006144   Section      502  aeabi_sdivfast.o(.text_divfast)
    i.__ARM_common_ll_muluu                  0x0800633a   Section        0  btod.o(i.__ARM_common_ll_muluu)
    i.__ARM_fpclassify                       0x0800636c   Section        0  fpclassify.o(i.__ARM_fpclassify)
    i._is_digit                              0x08006398   Section        0  __printf_wp.o(i._is_digit)
    i.sqrt                                   0x080063a8   Section        0  sqrt.o(i.sqrt)
    locale$$code                             0x080063f0   Section       44  lc_numeric_c.o(locale$$code)
    locale$$code                             0x0800641c   Section       44  lc_ctype_c.o(locale$$code)
    x$fpl$printf1                            0x08006448   Section       16  printf1.o(x$fpl$printf1)
    ddiv_reciptbl                            0x08006458   Data         128  ddiv.o(.constdata)
    .constdata                               0x08006458   Section      128  ddiv.o(.constdata)
    x$fpl$usenofp                            0x08006458   Section        0  usenofp.o(x$fpl$usenofp)
    fdiv_tab                                 0x080064d8   Data          64  fdiv.o(.constdata)
    .constdata                               0x080064d8   Section       64  fdiv.o(.constdata)
    tenpwrs_x                                0x08006518   Data          60  bigflt0.o(.constdata)
    .constdata                               0x08006518   Section      148  bigflt0.o(.constdata)
    tenpwrs_i                                0x08006554   Data          64  bigflt0.o(.constdata)
    .constdata                               0x080065ac   Section        4  sys_io_names.o(.constdata)
    .constdata                               0x080065b0   Section        4  sys_io_names.o(.constdata)
    .constdata                               0x080065b4   Section        4  sys_io_names.o(.constdata)
    HAL_RCC_GetSysClockFreq.aPLLMULFactorTable 0x080065dc   Data          16  stm32f0xx_hal_rcc.o(.rodata.cst16)
    [Anonymous Symbol]                       0x080065dc   Section        0  stm32f0xx_hal_rcc.o(.rodata.cst16)
    HAL_RCC_GetSysClockFreq.aPredivFactorTable 0x080065ec   Data          16  stm32f0xx_hal_rcc.o(.rodata.cst16)
    [Anonymous Symbol]                       0x080065fc   Section        0  stm32f0xx_hal_uart.o(.rodata.cst16)
    [Anonymous Symbol]                       0x0800660c   Section        0  main.o(.rodata.str1.1)
    locale$$data                             0x080066f0   Section       28  lc_numeric_c.o(locale$$data)
    __lcnum_c_name                           0x080066f4   Data           2  lc_numeric_c.o(locale$$data)
    __lcnum_c_start                          0x080066fc   Data           0  lc_numeric_c.o(locale$$data)
    __lcnum_c_point                          0x08006708   Data           0  lc_numeric_c.o(locale$$data)
    __lcnum_c_thousands                      0x0800670a   Data           0  lc_numeric_c.o(locale$$data)
    __lcnum_c_grouping                       0x0800670b   Data           0  lc_numeric_c.o(locale$$data)
    __lcnum_c_end                            0x0800670c   Data           0  lc_numeric_c.o(locale$$data)
    locale$$data                             0x0800670c   Section      272  lc_ctype_c.o(locale$$data)
    __lcctype_c_name                         0x08006710   Data           2  lc_ctype_c.o(locale$$data)
    __lcctype_c_start                        0x08006718   Data           0  lc_ctype_c.o(locale$$data)
    __lcctype_c_end                          0x0800681c   Data           0  lc_ctype_c.o(locale$$data)
    .data                                    0x20000000   Section        4  stdio_streams.o(.data)
    .data                                    0x20000004   Section        4  stdio_streams.o(.data)
    .data                                    0x20000008   Section        4  stdio_streams.o(.data)
    [Anonymous Symbol]                       0x2000000c   Section        0  stm32f0xx_hal.o(.data..L_MergedGlobals)
    .bss                                     0x20000028   Section       84  stdio_streams.o(.bss)
    .bss                                     0x2000007c   Section       84  stdio_streams.o(.bss)
    .bss                                     0x200000d0   Section       84  stdio_streams.o(.bss)
    .bss                                     0x20000124   Section       96  libspace.o(.bss)
    [Anonymous Symbol]                       0x20000188   Section        0  main.o(.bss..L_MergedGlobals)
    I2C_LCD_InfoParam_g                      0x200001d4   Data           2  i2c_lcd.o(.bss.I2C_LCD_InfoParam_g)
    [Anonymous Symbol]                       0x200001d4   Section        0  i2c_lcd.o(.bss.I2C_LCD_InfoParam_g)
    Heap_Mem                                 0x200003f0   Data         512  startup_stm32f091xc.o(HEAP)
    HEAP                                     0x200003f0   Section      512  startup_stm32f091xc.o(HEAP)
    Stack_Mem                                0x200005f0   Data        1024  startup_stm32f091xc.o(STACK)
    STACK                                    0x200005f0   Section     1024  startup_stm32f091xc.o(STACK)
    __initial_sp                             0x200009f0   Data           0  startup_stm32f091xc.o(STACK)

    Global Symbols

    Symbol Name                              Value     Ov Type        Size  Object(Section)

    BuildAttributes$$THM_ISAv3M$S$PE$A:L22$X:L11$S22$IEEE1$IW$~IW$USESV6$~STKCKD$USESV7$~SHL$OTIME$ROPI$IEEEX$EBA8$UX$STANDARDLIB$REQ8$PRES8$EABIv2 0x00000000   Number         0  anon$$obj.o ABSOLUTE
    _printf_flags                            0x00000000   Number         0  printf_stubs.o ABSOLUTE
    _printf_return_value                     0x00000000   Number         0  printf_stubs.o ABSOLUTE
    _printf_sizespec                         0x00000000   Number         0  printf_stubs.o ABSOLUTE
    _printf_widthprec                        0x00000000   Number         0  printf_stubs.o ABSOLUTE
    __ARM_exceptions_init                     - Undefined Weak Reference
    __alloca_initialize                       - Undefined Weak Reference
    __arm_preinit_                            - Undefined Weak Reference
    __arm_relocate_pie_                       - Undefined Weak Reference
    __cpp_initialize__aeabi_                  - Undefined Weak Reference
    __cxa_finalize                            - Undefined Weak Reference
    __sigvec_lookup                           - Undefined Weak Reference
    __user_heap_extent                        - Undefined Weak Reference
    _atexit_init                              - Undefined Weak Reference
    _call_atexit_fns                          - Undefined Weak Reference
    _clock_init                               - Undefined Weak Reference
    _fp_trap_init                             - Undefined Weak Reference
    _fp_trap_shutdown                         - Undefined Weak Reference
    _get_lc_collate                           - Undefined Weak Reference
    _get_lc_monetary                          - Undefined Weak Reference
    _get_lc_time                              - Undefined Weak Reference
    _getenv_init                              - Undefined Weak Reference
    _handle_redirection                       - Undefined Weak Reference
    _mutex_acquire                            - Undefined Weak Reference
    _mutex_free                               - Undefined Weak Reference
    _mutex_release                            - Undefined Weak Reference
    _printf_post_padding                      - Undefined Weak Reference
    _printf_pre_padding                       - Undefined Weak Reference
    _printf_truncate_signed                   - Undefined Weak Reference
    _printf_truncate_unsigned                 - Undefined Weak Reference
    _rand_init                                - Undefined Weak Reference
    _signal_finish                            - Undefined Weak Reference
    _signal_init                              - Undefined Weak Reference
    __Vectors_Size                           0x000000bc   Number         0  startup_stm32f091xc.o ABSOLUTE
    __Vectors                                0x08000000   Data           4  startup_stm32f091xc.o(RESET)
    __Vectors_End                            0x080000bc   Data           0  startup_stm32f091xc.o(RESET)
    __main                                   0x080000bd   Thumb Code     8  __main.o(!!!main)
    __scatterload                            0x080000c5   Thumb Code     0  __scatter.o(!!!scatter)
    __scatterload_rt2                        0x080000c5   Thumb Code    74  __scatter.o(!!!scatter)
    __scatterload_rt2_thumb_only             0x080000c5   Thumb Code     0  __scatter.o(!!!scatter)
    __scatterload_loop                       0x080000cf   Thumb Code     0  __scatter.o(!!!scatter)
    __scatterload_copy                       0x08000119   Thumb Code    26  __scatter_copy.o(!!handler_copy)
    __scatterload_null                       0x08000135   Thumb Code     2  __scatter.o(!!handler_null)
    __scatterload_zeroinit                   0x08000139   Thumb Code    28  __scatter_zi.o(!!handler_zi)
    _printf_percent                          0x08000155   Thumb Code     0  _printf_percent.o(.ARM.Collect$$_printf_percent$$00000000)
    _printf_f                                0x08000157   Thumb Code     0  _printf_f.o(.ARM.Collect$$_printf_percent$$00000003)
    _printf_d                                0x08000161   Thumb Code     0  _printf_d.o(.ARM.Collect$$_printf_percent$$00000009)
    _printf_percent_end                      0x0800016b   Thumb Code     0  _printf_percent_end.o(.ARM.Collect$$_printf_percent$$00000017)
    __rt_lib_init                            0x0800016f   Thumb Code     0  libinit.o(.ARM.Collect$$libinit$$00000000)
    __rt_lib_init_fp_1                       0x08000171   Thumb Code     0  libinit2.o(.ARM.Collect$$libinit$$00000002)
    __rt_lib_init_heap_2                     0x08000171   Thumb Code     0  libinit2.o(.ARM.Collect$$libinit$$00000007)
    __rt_lib_init_preinit_1                  0x08000171   Thumb Code     0  libinit2.o(.ARM.Collect$$libinit$$00000006)
    __rt_lib_init_relocate_pie_1             0x08000171   Thumb Code     0  libinit2.o(.ARM.Collect$$libinit$$00000004)
    __rt_lib_init_heap_1                     0x08000179   Thumb Code     0  libinit2.o(.ARM.Collect$$libinit$$0000000C)
    __rt_lib_init_lc_common                  0x08000179   Thumb Code     0  libinit2.o(.ARM.Collect$$libinit$$00000011)
    __rt_lib_init_rand_1                     0x08000179   Thumb Code     0  libinit2.o(.ARM.Collect$$libinit$$00000010)
    __rt_lib_init_user_alloc_1               0x08000179   Thumb Code     0  libinit2.o(.ARM.Collect$$libinit$$0000000E)
    __rt_lib_init_lc_collate_1               0x0800017f   Thumb Code     0  libinit2.o(.ARM.Collect$$libinit$$00000013)
    __rt_lib_init_lc_ctype_2                 0x0800017f   Thumb Code     0  libinit2.o(.ARM.Collect$$libinit$$00000014)
    __rt_lib_init_lc_ctype_1                 0x0800018b   Thumb Code     0  libinit2.o(.ARM.Collect$$libinit$$00000015)
    __rt_lib_init_lc_monetary_1              0x0800018b   Thumb Code     0  libinit2.o(.ARM.Collect$$libinit$$00000017)
    __rt_lib_init_lc_numeric_2               0x0800018b   Thumb Code     0  libinit2.o(.ARM.Collect$$libinit$$00000018)
    __rt_lib_init_atexit_1                   0x08000195   Thumb Code     0  libinit2.o(.ARM.Collect$$libinit$$0000001D)
    __rt_lib_init_clock_1                    0x08000195   Thumb Code     0  libinit2.o(.ARM.Collect$$libinit$$00000023)
    __rt_lib_init_fp_trap_1                  0x08000195   Thumb Code     0  libinit2.o(.ARM.Collect$$libinit$$00000021)
    __rt_lib_init_getenv_1                   0x08000195   Thumb Code     0  libinit2.o(.ARM.Collect$$libinit$$00000025)
    __rt_lib_init_lc_numeric_1               0x08000195   Thumb Code     0  libinit2.o(.ARM.Collect$$libinit$$00000019)
    __rt_lib_init_lc_time_1                  0x08000195   Thumb Code     0  libinit2.o(.ARM.Collect$$libinit$$0000001B)
    __rt_lib_init_signal_1                   0x08000195   Thumb Code     0  libinit2.o(.ARM.Collect$$libinit$$0000001F)
    __rt_lib_init_stdio_2                    0x08000195   Thumb Code     0  libinit2.o(.ARM.Collect$$libinit$$00000026)
    __rt_lib_init_alloca_1                   0x08000199   Thumb Code     0  libinit2.o(.ARM.Collect$$libinit$$00000030)
    __rt_lib_init_argv_1                     0x08000199   Thumb Code     0  libinit2.o(.ARM.Collect$$libinit$$0000002E)
    __rt_lib_init_cpp_1                      0x08000199   Thumb Code     0  libinit2.o(.ARM.Collect$$libinit$$00000034)
    __rt_lib_init_exceptions_1               0x08000199   Thumb Code     0  libinit2.o(.ARM.Collect$$libinit$$00000032)
    __rt_lib_init_return                     0x08000199   Thumb Code     0  libinit2.o(.ARM.Collect$$libinit$$00000035)
    __rt_lib_init_stdio_1                    0x08000199   Thumb Code     0  libinit2.o(.ARM.Collect$$libinit$$00000027)
    __rt_lib_shutdown                        0x0800019b   Thumb Code     0  libshutdown.o(.ARM.Collect$$libshutdown$$00000000)
    __rt_lib_shutdown_cpp_1                  0x0800019d   Thumb Code     0  libshutdown2.o(.ARM.Collect$$libshutdown$$00000002)
    __rt_lib_shutdown_stdio_2                0x0800019d   Thumb Code     0  libshutdown2.o(.ARM.Collect$$libshutdown$$00000003)
    __rt_lib_shutdown_fp_trap_1              0x080001a1   Thumb Code     0  libshutdown2.o(.ARM.Collect$$libshutdown$$00000007)
    __rt_lib_shutdown_heap_1                 0x080001a1   Thumb Code     0  libshutdown2.o(.ARM.Collect$$libshutdown$$0000000F)
    __rt_lib_shutdown_return                 0x080001a1   Thumb Code     0  libshutdown2.o(.ARM.Collect$$libshutdown$$00000010)
    __rt_lib_shutdown_signal_1               0x080001a1   Thumb Code     0  libshutdown2.o(.ARM.Collect$$libshutdown$$0000000A)
    __rt_lib_shutdown_stdio_1                0x080001a1   Thumb Code     0  libshutdown2.o(.ARM.Collect$$libshutdown$$00000004)
    __rt_lib_shutdown_user_alloc_1           0x080001a1   Thumb Code     0  libshutdown2.o(.ARM.Collect$$libshutdown$$0000000C)
    __rt_entry                               0x080001a3   Thumb Code     0  __rtentry.o(.ARM.Collect$$rtentry$$00000000)
    __rt_entry_presh_1                       0x080001a3   Thumb Code     0  __rtentry2.o(.ARM.Collect$$rtentry$$00000002)
    __rt_entry_sh                            0x080001a3   Thumb Code     0  __rtentry4.o(.ARM.Collect$$rtentry$$00000004)
    __rt_entry_li                            0x080001a9   Thumb Code     0  __rtentry2.o(.ARM.Collect$$rtentry$$0000000A)
    __rt_entry_postsh_1                      0x080001a9   Thumb Code     0  __rtentry2.o(.ARM.Collect$$rtentry$$00000009)
    __rt_entry_main                          0x080001ad   Thumb Code     0  __rtentry2.o(.ARM.Collect$$rtentry$$0000000D)
    __rt_entry_postli_1                      0x080001ad   Thumb Code     0  __rtentry2.o(.ARM.Collect$$rtentry$$0000000C)
    __rt_exit                                0x080001b5   Thumb Code     0  rtexit.o(.ARM.Collect$$rtexit$$00000000)
    __rt_exit_ls                             0x080001b7   Thumb Code     0  rtexit2.o(.ARM.Collect$$rtexit$$00000003)
    __rt_exit_prels_1                        0x080001b7   Thumb Code     0  rtexit2.o(.ARM.Collect$$rtexit$$00000002)
    __rt_exit_exit                           0x080001bb   Thumb Code     0  rtexit2.o(.ARM.Collect$$rtexit$$00000004)
    Reset_Handler                            0x080001c1   Thumb Code     8  startup_stm32f091xc.o(.text)
    ADC1_COMP_IRQHandler                     0x080001d3   Thumb Code     0  startup_stm32f091xc.o(.text)
    CEC_CAN_IRQHandler                       0x080001d3   Thumb Code     0  startup_stm32f091xc.o(.text)
    DMA1_Ch1_IRQHandler                      0x080001d3   Thumb Code     0  startup_stm32f091xc.o(.text)
    DMA1_Ch2_3_DMA2_Ch1_2_IRQHandler         0x080001d3   Thumb Code     0  startup_stm32f091xc.o(.text)
    DMA1_Ch4_7_DMA2_Ch3_5_IRQHandler         0x080001d3   Thumb Code     0  startup_stm32f091xc.o(.text)
    EXTI0_1_IRQHandler                       0x080001d3   Thumb Code     0  startup_stm32f091xc.o(.text)
    EXTI2_3_IRQHandler                       0x080001d3   Thumb Code     0  startup_stm32f091xc.o(.text)
    EXTI4_15_IRQHandler                      0x080001d3   Thumb Code     0  startup_stm32f091xc.o(.text)
    FLASH_IRQHandler                         0x080001d3   Thumb Code     0  startup_stm32f091xc.o(.text)
    I2C1_IRQHandler                          0x080001d3   Thumb Code     0  startup_stm32f091xc.o(.text)
    I2C2_IRQHandler                          0x080001d3   Thumb Code     0  startup_stm32f091xc.o(.text)
    PVD_VDDIO2_IRQHandler                    0x080001d3   Thumb Code     0  startup_stm32f091xc.o(.text)
    RCC_CRS_IRQHandler                       0x080001d3   Thumb Code     0  startup_stm32f091xc.o(.text)
    RTC_IRQHandler                           0x080001d3   Thumb Code     0  startup_stm32f091xc.o(.text)
    SPI1_IRQHandler                          0x080001d3   Thumb Code     0  startup_stm32f091xc.o(.text)
    SPI2_IRQHandler                          0x080001d3   Thumb Code     0  startup_stm32f091xc.o(.text)
    TIM14_IRQHandler                         0x080001d3   Thumb Code     0  startup_stm32f091xc.o(.text)
    TIM15_IRQHandler                         0x080001d3   Thumb Code     0  startup_stm32f091xc.o(.text)
    TIM16_IRQHandler                         0x080001d3   Thumb Code     0  startup_stm32f091xc.o(.text)
    TIM17_IRQHandler                         0x080001d3   Thumb Code     0  startup_stm32f091xc.o(.text)
    TIM1_BRK_UP_TRG_COM_IRQHandler           0x080001d3   Thumb Code     0  startup_stm32f091xc.o(.text)
    TIM1_CC_IRQHandler                       0x080001d3   Thumb Code     0  startup_stm32f091xc.o(.text)
    TIM2_IRQHandler                          0x080001d3   Thumb Code     0  startup_stm32f091xc.o(.text)
    TIM3_IRQHandler                          0x080001d3   Thumb Code     0  startup_stm32f091xc.o(.text)
    TIM7_IRQHandler                          0x080001d3   Thumb Code     0  startup_stm32f091xc.o(.text)
    TSC_IRQHandler                           0x080001d3   Thumb Code     0  startup_stm32f091xc.o(.text)
    USART1_IRQHandler                        0x080001d3   Thumb Code     0  startup_stm32f091xc.o(.text)
    USART2_IRQHandler                        0x080001d3   Thumb Code     0  startup_stm32f091xc.o(.text)
    USART3_8_IRQHandler                      0x080001d3   Thumb Code     0  startup_stm32f091xc.o(.text)
    WWDG_IRQHandler                          0x080001d3   Thumb Code     0  startup_stm32f091xc.o(.text)
    __user_initial_stackheap                 0x080001d5   Thumb Code     0  startup_stm32f091xc.o(.text)
    __aeabi_lasr                             0x080001f9   Thumb Code    38  llsshr.o(.text)
    _ll_sshift_r                             0x080001f9   Thumb Code     0  llsshr.o(.text)
    __aeabi_lmul                             0x0800021f   Thumb Code    48  llmul.o(.text)
    _ll_mul                                  0x0800021f   Thumb Code     0  llmul.o(.text)
    __2printf                                0x08000251   Thumb Code    22  noretval__2printf.o(.text)
    __2sprintf                               0x0800026d   Thumb Code    36  noretval__2sprintf.o(.text)
    _printf_int_dec                          0x08000295   Thumb Code    90  _printf_dec.o(.text)
    __printf                                 0x08000301   Thumb Code   270  __printf_wp.o(.text)
    atol                                     0x0800040f   Thumb Code    26  atol.o(.text)
    puts                                     0x08000429   Thumb Code    38  puts.o(.text)
    strlen                                   0x08000455   Thumb Code    62  strlen.o(.text)
    _memset_w                                0x08000499   Thumb Code    26  rt_memclr.o(.text)
    _memset                                  0x080004b3   Thumb Code    30  rt_memclr.o(.text)
    __aeabi_memclr                           0x080004d1   Thumb Code     4  rt_memclr.o(.text)
    __rt_memclr                              0x080004d1   Thumb Code     0  rt_memclr.o(.text)
    __aeabi_memclr4                          0x080004d5   Thumb Code     0  rt_memclr.o(.text)
    __aeabi_memclr8                          0x080004d5   Thumb Code     0  rt_memclr.o(.text)
    __rt_memclr_w                            0x080004d5   Thumb Code     4  rt_memclr.o(.text)
    __aeabi_uidivmod                         0x080004d9   Thumb Code    28  aeabi_sdivfast.o(.text)
    __aeabi_idivmod                          0x080004f5   Thumb Code   472  aeabi_sdivfast.o(.text)
    __use_two_region_memory                  0x080006d1   Thumb Code     2  heapauxi.o(.text)
    __rt_heap_escrow                         0x080006d3   Thumb Code     2  heapauxi.o(.text)
    __rt_heap_expand                         0x080006d5   Thumb Code     2  heapauxi.o(.text)
    __aeabi_d2f                              0x080006d9   Thumb Code     0  d2f.o(.text)
    __truncdfsf2                             0x080006d9   Thumb Code     0  d2f.o(.text)
    _d2f                                     0x080006d9   Thumb Code   120  d2f.o(.text)
    __aeabi_ddiv                             0x08000755   Thumb Code     0  ddiv.o(.text)
    __divdf3                                 0x08000755   Thumb Code     0  ddiv.o(.text)
    _ddiv                                    0x08000755   Thumb Code  1072  ddiv.o(.text)
    _drdiv                                   0x08000b85   Thumb Code    20  ddiv.o(.text)
    __aeabi_i2d_normalise                    0x08000b9d   Thumb Code    66  dflti.o(.text)
    __aeabi_i2d                              0x08000bdf   Thumb Code    16  dflti.o(.text)
    _dflt                                    0x08000bdf   Thumb Code     0  dflti.o(.text)
    __aeabi_ui2d                             0x08000bef   Thumb Code     6  dflti.o(.text)
    _dfltu                                   0x08000bef   Thumb Code     0  dflti.o(.text)
    __aeabi_l2d_normalise                    0x08000bf5   Thumb Code   104  dfltl.o(.text)
    __aeabi_l2d                              0x08000c5d   Thumb Code    20  dfltl.o(.text)
    _ll_sto_d                                0x08000c5d   Thumb Code     0  dfltl.o(.text)
    __aeabi_ul2d                             0x08000c71   Thumb Code     4  dfltl.o(.text)
    _ll_uto_d                                0x08000c71   Thumb Code     0  dfltl.o(.text)
    __aeabi_dmul                             0x08000c79   Thumb Code     0  dmul.o(.text)
    __muldf3                                 0x08000c79   Thumb Code     0  dmul.o(.text)
    _dmul                                    0x08000c79   Thumb Code   558  dmul.o(.text)
    __aeabi_f2d                              0x08000ec1   Thumb Code     0  f2d.o(.text)
    __extendsfdf2                            0x08000ec1   Thumb Code     0  f2d.o(.text)
    _f2d                                     0x08000ec1   Thumb Code    80  f2d.o(.text)
    __aeabi_fdiv                             0x08000f15   Thumb Code     0  fdiv.o(.text)
    __divsf3                                 0x08000f15   Thumb Code     0  fdiv.o(.text)
    _fdiv                                    0x08000f15   Thumb Code   334  fdiv.o(.text)
    _frdiv                                   0x08001063   Thumb Code     8  fdiv.o(.text)
    __aeabi_i2f_normalise                    0x08001075   Thumb Code    72  fflti.o(.text)
    __aeabi_i2f                              0x080010bd   Thumb Code    16  fflti.o(.text)
    _fflt                                    0x080010bd   Thumb Code     0  fflti.o(.text)
    __aeabi_ui2f                             0x080010cd   Thumb Code     6  fflti.o(.text)
    _ffltu                                   0x080010cd   Thumb Code     0  fflti.o(.text)
    __aeabi_errno_addr                       0x080010d5   Thumb Code     8  rt_errno_addr_intlibspace.o(.text)
    __errno$intlibspace                      0x080010d5   Thumb Code     0  rt_errno_addr_intlibspace.o(.text)
    __rt_errno_addr$intlibspace              0x080010d5   Thumb Code     0  rt_errno_addr_intlibspace.o(.text)
    __read_errno                             0x080010dd   Thumb Code    10  _rserrno.o(.text)
    __set_errno                              0x080010e7   Thumb Code    12  _rserrno.o(.text)
    _printf_int_common                       0x080010f3   Thumb Code   176  _printf_intcommon.o(.text)
    _printf_fp_dec_real                      0x08001341   Thumb Code   620  _printf_fp_dec.o(.text)
    _printf_char_common                      0x080015c3   Thumb Code    32  _printf_char_common.o(.text)
    _sputc                                   0x080015e9   Thumb Code    10  _sputc.o(.text)
    _printf_char_file                        0x080015f5   Thumb Code    34  _printf_char_file.o(.text)
    strtol                                   0x0800161d   Thumb Code   108  strtol.o(.text)
    __rt_udiv10                              0x0800168d   Thumb Code    40  rtudiv10.o(.text)
    _dsqrt                                   0x080016b5   Thumb Code   248  dsqrt.o(.text)
    __user_libspace                          0x080017b5   Thumb Code     8  libspace.o(.text)
    __user_perproc_libspace                  0x080017b5   Thumb Code     0  libspace.o(.text)
    __user_perthread_libspace                0x080017b5   Thumb Code     0  libspace.o(.text)
    __rt_ctype_table                         0x080017bd   Thumb Code    16  rt_ctype_table.o(.text)
    __rt_locale                              0x080017cd   Thumb Code     8  rt_locale_intlibspace.o(.text)
    _ll_udiv10                               0x080017d5   Thumb Code   122  lludiv10.o(.text)
    _printf_fp_infnan                        0x08001851   Thumb Code   120  _printf_fp_infnan.o(.text)
    _strtoul                                 0x080018d9   Thumb Code   166  _strtoul.o(.text)
    _btod_etento                             0x08001981   Thumb Code   210  bigflt0.o(.text)
    _btod_d2e                                0x08001a59   Thumb Code    64  btod.o(.text)
    _btod_emul                               0x08001e8d   Thumb Code    28  btod.o(.text)
    _btod_emuld                              0x08001ea9   Thumb Code   144  btod.o(.text)
    _btod_ediv                               0x08001f39   Thumb Code    26  btod.o(.text)
    _btod_edivd                              0x08001f53   Thumb Code   124  btod.o(.text)
    ferror                                   0x08001fd9   Thumb Code     8  ferror.o(.text)
    _initio                                  0x08001fe1   Thumb Code   216  initio.o(.text)
    _terminateio                             0x080020b9   Thumb Code    56  initio.o(.text)
    __user_setup_stackheap                   0x0800211d   Thumb Code    62  sys_stackheap_outer.o(.text)
    malloc                                   0x0800215b   Thumb Code    98  h1_alloc.o(.text)
    free                                     0x080021bd   Thumb Code    76  h1_free.o(.text)
    _chval                                   0x08002209   Thumb Code    30  _chval.o(.text)
    setvbuf                                  0x08002229   Thumb Code    72  setvbuf.o(.text)
    freopen                                  0x08002275   Thumb Code   154  fopen.o(.text)
    fopen                                    0x0800230f   Thumb Code    76  fopen.o(.text)
    _fclose_internal                         0x08002365   Thumb Code    72  fclose.o(.text)
    fclose                                   0x08002365   Thumb Code     0  fclose.o(.text)
    exit                                     0x080023ad   Thumb Code    16  exit.o(.text)
    __rt_SIGRTRED                            0x080023bd   Thumb Code    12  defsig_rtred_outer.o(.text)
    strcmp                                   0x080023c9   Thumb Code   176  strcmpv6m.o(.text)
    _sys_open                                0x08002479   Thumb Code    20  sys_io.o(.text)
    _sys_close                               0x0800248d   Thumb Code    12  sys_io.o(.text)
    _sys_write                               0x08002499   Thumb Code    16  sys_io.o(.text)
    _sys_read                                0x080024a9   Thumb Code    14  sys_io.o(.text)
    _sys_istty                               0x080024b7   Thumb Code    12  sys_io.o(.text)
    _sys_seek                                0x080024c3   Thumb Code    14  sys_io.o(.text)
    _sys_ensure                              0x080024d1   Thumb Code     2  sys_io.o(.text)
    _sys_flen                                0x080024d3   Thumb Code    12  sys_io.o(.text)
    __rt_heap_descriptor                     0x080024e1   Thumb Code     8  rt_heap_descriptor_intlibspace.o(.text)
    __use_no_heap                            0x080024e9   Thumb Code     2  hguard.o(.text)
    __heap$guard                             0x080024eb   Thumb Code     2  hguard.o(.text)
    _terminate_user_alloc                    0x080024ed   Thumb Code     2  init_alloc.o(.text)
    _init_user_alloc                         0x080024ef   Thumb Code     2  init_alloc.o(.text)
    __Heap_Full                              0x080024f1   Thumb Code    32  init_alloc.o(.text)
    __Heap_Broken                            0x08002511   Thumb Code    10  init_alloc.o(.text)
    _init_alloc                              0x0800251b   Thumb Code    90  init_alloc.o(.text)
    __Heap_Initialize                        0x08002575   Thumb Code     8  h1_init.o(.text)
    __Heap_DescSize                          0x0800257d   Thumb Code     4  h1_init.o(.text)
    _fseek                                   0x08002581   Thumb Code   240  fseek.o(.text)
    fseek                                    0x08002581   Thumb Code     0  fseek.o(.text)
    _seterr                                  0x08002675   Thumb Code    20  stdio.o(.text)
    _writebuf                                0x08002689   Thumb Code    98  stdio.o(.text)
    _fflush                                  0x080026eb   Thumb Code    76  stdio.o(.text)
    _deferredlazyseek                        0x08002737   Thumb Code    60  stdio.o(.text)
    __sig_exit                               0x08002781   Thumb Code    12  defsig_exit.o(.text)
    __rt_SIGRTRED_inner                      0x0800278d   Thumb Code    14  defsig_rtred_inner.o(.text)
    _sys_exit                                0x080027c1   Thumb Code     8  sys_exit.o(.text)
    __I$use$semihosting                      0x080027cd   Thumb Code     0  use_no_semi.o(.text)
    __use_no_semihosting_swi                 0x080027cd   Thumb Code     2  use_no_semi.o(.text)
    __Heap_ProvideMemory                     0x080027cf   Thumb Code    52  h1_extend.o(.text)
    __semihosting_library_function           0x080027cf   Thumb Code     0  indicate_semi.o(.text)
    _maybe_terminate_alloc                   0x080027cf   Thumb Code     0  maybetermalloc1.o(.text)
    _ftell_internal                          0x08002803   Thumb Code    66  ftell.o(.text)
    ftell                                    0x08002803   Thumb Code     0  ftell.o(.text)
    __default_signal_display                 0x08002845   Thumb Code    52  defsig_general.o(.text)
    __rt_SIGRTMEM                            0x08002879   Thumb Code    12  defsig_rtmem_outer.o(.text)
    _ttywrch                                 0x08002885   Thumb Code    12  sys_wrch.o(.text)
    __rt_SIGRTMEM_inner                      0x08002891   Thumb Code    22  defsig_rtmem_inner.o(.text)
    FLASH_WaitForLastOperation               0x08002991   Thumb Code   168  stm32f0xx_hal_flash.o(.text.FLASH_WaitForLastOperation)
    HAL_ADC_ConfigChannel                    0x08002a41   Thumb Code   296  stm32f0xx_hal_adc.o(.text.HAL_ADC_ConfigChannel)
    HAL_ADC_GetValue                         0x08002b85   Thumb Code     6  stm32f0xx_hal_adc.o(.text.HAL_ADC_GetValue)
    HAL_ADC_Init                             0x08002b8d   Thumb Code   328  stm32f0xx_hal_adc.o(.text.HAL_ADC_Init)
    HAL_ADC_MspInit                          0x08002cdd   Thumb Code    88  stm32f0xx_hal_msp.o(.text.HAL_ADC_MspInit)
    HAL_ADC_Start                            0x08002d3d   Thumb Code    96  stm32f0xx_hal_adc.o(.text.HAL_ADC_Start)
    HAL_FLASHEx_Erase                        0x08002da1   Thumb Code   224  stm32f0xx_hal_flash_ex.o(.text.HAL_FLASHEx_Erase)
    HAL_FLASH_Lock                           0x08002e81   Thumb Code    16  stm32f0xx_hal_flash.o(.text.HAL_FLASH_Lock)
    HAL_FLASH_Program                        0x08002e95   Thumb Code   544  stm32f0xx_hal_flash.o(.text.HAL_FLASH_Program)
    HAL_FLASH_Unlock                         0x080030c1   Thumb Code    28  stm32f0xx_hal_flash.o(.text.HAL_FLASH_Unlock)
    HAL_GPIO_Init                            0x080030e9   Thumb Code   400  stm32f0xx_hal_gpio.o(.text.HAL_GPIO_Init)
    HAL_GPIO_WritePin                        0x08003289   Thumb Code    16  stm32f0xx_hal_gpio.o(.text.HAL_GPIO_WritePin)
    HAL_GetTick                              0x08003299   Thumb Code     8  stm32f0xx_hal.o(.text.HAL_GetTick)
    HAL_I2CEx_ConfigAnalogFilter             0x080032a1   Thumb Code    66  stm32f0xx_hal_i2c_ex.o(.text.HAL_I2CEx_ConfigAnalogFilter)
    HAL_I2CEx_ConfigDigitalFilter            0x080032e3   Thumb Code    66  stm32f0xx_hal_i2c_ex.o(.text.HAL_I2CEx_ConfigDigitalFilter)
    HAL_I2C_Init                             0x08003325   Thumb Code   172  stm32f0xx_hal_i2c.o(.text.HAL_I2C_Init)
    HAL_I2C_Master_Transmit                  0x080033d9   Thumb Code   444  stm32f0xx_hal_i2c.o(.text.HAL_I2C_Master_Transmit)
    HAL_I2C_MspInit                          0x080035a9   Thumb Code    92  stm32f0xx_hal_msp.o(.text.HAL_I2C_MspInit)
    HAL_IncTick                              0x08003611   Thumb Code    16  stm32f0xx_hal.o(.text.HAL_IncTick)
    HAL_Init                                 0x08003625   Thumb Code    28  stm32f0xx_hal.o(.text.HAL_Init)
    HAL_InitTick                             0x08003641   Thumb Code    60  stm32f0xx_hal.o(.text.HAL_InitTick)
    HAL_MspInit                              0x08003681   Thumb Code    40  stm32f0xx_hal_msp.o(.text.HAL_MspInit)
    HAL_NVIC_EnableIRQ                       0x080036ad   Thumb Code    20  stm32f0xx_hal_cortex.o(.text.HAL_NVIC_EnableIRQ)
    HAL_NVIC_SetPriority                     0x080036c5   Thumb Code    48  stm32f0xx_hal_cortex.o(.text.HAL_NVIC_SetPriority)
    HAL_RCCEx_PeriphCLKConfig                0x080036fd   Thumb Code   320  stm32f0xx_hal_rcc_ex.o(.text.HAL_RCCEx_PeriphCLKConfig)
    HAL_RCC_ClockConfig                      0x08003849   Thumb Code   344  stm32f0xx_hal_rcc.o(.text.HAL_RCC_ClockConfig)
    HAL_RCC_GetPCLK1Freq                     0x080039ad   Thumb Code    20  stm32f0xx_hal_rcc.o(.text.HAL_RCC_GetPCLK1Freq)
    HAL_RCC_GetSysClockFreq                  0x080039c9   Thumb Code    76  stm32f0xx_hal_rcc.o(.text.HAL_RCC_GetSysClockFreq)
    HAL_RCC_OscConfig                        0x08003a29   Thumb Code  1164  stm32f0xx_hal_rcc.o(.text.HAL_RCC_OscConfig)
    HAL_SYSTICK_Config                       0x08003ebd   Thumb Code    40  stm32f0xx_hal_cortex.o(.text.HAL_SYSTICK_Config)
    HAL_TIMEx_BreakCallback                  0x08003ef1   Thumb Code     2  stm32f0xx_hal_tim_ex.o(.text.HAL_TIMEx_BreakCallback)
    HAL_TIMEx_CommutCallback                 0x08003ef3   Thumb Code     2  stm32f0xx_hal_tim_ex.o(.text.HAL_TIMEx_CommutCallback)
    HAL_TIMEx_MasterConfigSynchronization    0x08003ef5   Thumb Code    92  stm32f0xx_hal_tim_ex.o(.text.HAL_TIMEx_MasterConfigSynchronization)
    HAL_TIM_Base_Init                        0x08003f51   Thumb Code   228  stm32f0xx_hal_tim.o(.text.HAL_TIM_Base_Init)
    HAL_TIM_Base_MspInit                     0x08004049   Thumb Code    80  stm32f0xx_hal_msp.o(.text.HAL_TIM_Base_MspInit)
    HAL_TIM_Base_Start                       0x080040a1   Thumb Code    80  stm32f0xx_hal_tim.o(.text.HAL_TIM_Base_Start)
    HAL_TIM_Base_Start_IT                    0x080040f1   Thumb Code    84  stm32f0xx_hal_tim.o(.text.HAL_TIM_Base_Start_IT)
    HAL_TIM_ConfigClockSource                0x08004155   Thumb Code   344  stm32f0xx_hal_tim.o(.text.HAL_TIM_ConfigClockSource)
    HAL_TIM_IC_CaptureCallback               0x080042b1   Thumb Code     2  stm32f0xx_hal_tim.o(.text.HAL_TIM_IC_CaptureCallback)
    HAL_TIM_IRQHandler                       0x080042b3   Thumb Code   442  stm32f0xx_hal_tim.o(.text.HAL_TIM_IRQHandler)
    HAL_TIM_OC_DelayElapsedCallback          0x0800446d   Thumb Code     2  stm32f0xx_hal_tim.o(.text.HAL_TIM_OC_DelayElapsedCallback)
    HAL_TIM_PWM_PulseFinishedCallback        0x0800446f   Thumb Code     2  stm32f0xx_hal_tim.o(.text.HAL_TIM_PWM_PulseFinishedCallback)
    HAL_TIM_PeriodElapsedCallback            0x08004471   Thumb Code   144  main.o(.text.HAL_TIM_PeriodElapsedCallback)
    HAL_TIM_TriggerCallback                  0x08004519   Thumb Code     2  stm32f0xx_hal_tim.o(.text.HAL_TIM_TriggerCallback)
    HAL_UART_Init                            0x0800451b   Thumb Code   110  stm32f0xx_hal_uart.o(.text.HAL_UART_Init)
    HAL_UART_MspInit                         0x08004589   Thumb Code    92  stm32f0xx_hal_msp.o(.text.HAL_UART_MspInit)
    HAL_UART_Receive                         0x080045ed   Thumb Code   268  stm32f0xx_hal_uart.o(.text.HAL_UART_Receive)
    HAL_UART_Transmit                        0x080046f9   Thumb Code   392  stm32f0xx_hal_uart.o(.text.HAL_UART_Transmit)
    HardFault_Handler                        0x08004885   Thumb Code     2  stm32f0xx_it.o(.text.HardFault_Handler)
    I2C_LCD_Clear                            0x08004a05   Thumb Code   112  i2c_lcd.o(.text.I2C_LCD_Clear)
    I2C_LCD_Init                             0x08004a75   Thumb Code   684  i2c_lcd.o(.text.I2C_LCD_Init)
    I2C_LCD_SetCursor                        0x08004d2d   Thumb Code    56  i2c_lcd.o(.text.I2C_LCD_SetCursor)
    I2C_LCD_WriteString                      0x08004e6d   Thumb Code    50  i2c_lcd.o(.text.I2C_LCD_WriteString)
    NMI_Handler                              0x080050c5   Thumb Code     2  stm32f0xx_it.o(.text.NMI_Handler)
    PendSV_Handler                           0x080050c7   Thumb Code     2  stm32f0xx_it.o(.text.PendSV_Handler)
    SVC_Handler                              0x080050c9   Thumb Code     2  stm32f0xx_it.o(.text.SVC_Handler)
    SaveConfig                               0x080050cd   Thumb Code    92  main.o(.text.SaveConfig)
    SysTick_Handler                          0x08005131   Thumb Code     8  stm32f0xx_it.o(.text.SysTick_Handler)
    SystemInit                               0x08005139   Thumb Code     2  system_stm32f0xx.o(.text.SystemInit)
    TIM6_DAC_IRQHandler                      0x0800513d   Thumb Code    12  stm32f0xx_it.o(.text.TIM6_DAC_IRQHandler)
    UART_AdvFeatureConfig                    0x0800514d   Thumb Code   210  stm32f0xx_hal_uart.o(.text.UART_AdvFeatureConfig)
    UART_CheckIdleState                      0x08005221   Thumb Code   204  stm32f0xx_hal_uart.o(.text.UART_CheckIdleState)
    UART_SetConfig                           0x080052f1   Thumb Code   340  stm32f0xx_hal_uart.o(.text.UART_SetConfig)
    UART_WaitOnFlagUntilTimeout              0x08005485   Thumb Code   444  stm32f0xx_hal_uart.o(.text.UART_WaitOnFlagUntilTimeout)
    arm_biquad_cascade_df1_init_q15          0x08005641   Thumb Code    26  filteringfunctions.o(.text.arm_biquad_cascade_df1_init_q15)
    arm_biquad_cascade_df1_q15               0x0800565d   Thumb Code   588  filteringfunctions.o(.text.arm_biquad_cascade_df1_q15)
    fputc                                    0x080058b1   Thumb Code    28  main.o(.text.fputc)
    main                                     0x080058d1   Thumb Code  1964  main.o(.text.main)
    __aeabi_uidiv                            0x08006145   Thumb Code    68  aeabi_sdivfast.o(.text_divfast)
    __aeabi_idiv                             0x08006189   Thumb Code   434  aeabi_sdivfast.o(.text_divfast)
    __ARM_common_ll_muluu                    0x0800633b   Thumb Code    48  btod.o(i.__ARM_common_ll_muluu)
    __ARM_fpclassify                         0x0800636d   Thumb Code    40  fpclassify.o(i.__ARM_fpclassify)
    _is_digit                                0x08006399   Thumb Code    14  __printf_wp.o(i._is_digit)
    sqrt                                     0x080063a9   Thumb Code    66  sqrt.o(i.sqrt)
    _get_lc_numeric                          0x080063f1   Thumb Code    44  lc_numeric_c.o(locale$$code)
    _get_lc_ctype                            0x0800641d   Thumb Code    44  lc_ctype_c.o(locale$$code)
    _printf_fp_dec                           0x08006449   Thumb Code    16  printf1.o(x$fpl$printf1)
    __I$use$fp                               0x08006458   Number         0  usenofp.o(x$fpl$usenofp)
    __stdin_name                             0x080065ac   Data           4  sys_io_names.o(.constdata)
    __stdout_name                            0x080065b0   Data           4  sys_io_names.o(.constdata)
    __stderr_name                            0x080065b4   Data           4  sys_io_names.o(.constdata)
    AHBPrescTable                            0x080065b8   Data          16  system_stm32f0xx.o(.rodata.AHBPrescTable)
    APBPrescTable                            0x080065c8   Data           8  system_stm32f0xx.o(.rodata.APBPrescTable)
    I2C_LCD_CfgParam                         0x080065d0   Data          12  i2c_lcd_cfg.o(.rodata.I2C_LCD_CfgParam)
    Region$$Table$$Base                      0x080066d0   Number         0  anon$$obj.o(Region$$Table)
    Region$$Table$$Limit                     0x080066f0   Number         0  anon$$obj.o(Region$$Table)
    __ctype                                  0x08006719   Data           0  lc_ctype_c.o(locale$$data)
    __aeabi_stdin                            0x20000000   Data           4  stdio_streams.o(.data)
    __aeabi_stdout                           0x20000004   Data           4  stdio_streams.o(.data)
    __aeabi_stderr                           0x20000008   Data           4  stdio_streams.o(.data)
    uwTickFreq                               0x2000000c   Data           1  stm32f0xx_hal.o(.data..L_MergedGlobals)
    uwTickPrio                               0x20000010   Data           4  stm32f0xx_hal.o(.data..L_MergedGlobals)
    SystemCoreClock                          0x20000014   Data           4  system_stm32f0xx.o(.data.SystemCoreClock)
    biquad_coeffs_q15                        0x20000018   Data          12  main.o(.data.biquad_coeffs_q15)
    __stdin                                  0x20000028   Data          84  stdio_streams.o(.bss)
    __stdout                                 0x2000007c   Data          84  stdio_streams.o(.bss)
    __stderr                                 0x200000d0   Data          84  stdio_streams.o(.bss)
    __libspace_start                         0x20000124   Data          96  libspace.o(.bss)
    __temporary_stack_top$libspace           0x20000184   Data           0  libspace.o(.bss)
    freq_index                               0x20000188   Data           1  main.o(.bss..L_MergedGlobals)
    new_period_flag                          0x20000189   Data           1  main.o(.bss..L_MergedGlobals)
    config_mode                              0x2000018a   Data           1  main.o(.bss..L_MergedGlobals)
    filtered_val_q15                         0x2000018c   Data           2  main.o(.bss..L_MergedGlobals)
    rms_count                                0x20000190   Data           4  main.o(.bss..L_MergedGlobals)
    last_freq                                0x20000194   Data           4  main.o(.bss..L_MergedGlobals)
    last_rms                                 0x20000198   Data           4  main.o(.bss..L_MergedGlobals)
    last_capture_tick                        0x2000019c   Data           4  main.o(.bss..L_MergedGlobals)
    period_in_ticks                          0x200001a0   Data           4  main.o(.bss..L_MergedGlobals)
    rms_sum                                  0x200001a8   Data           8  main.o(.bss..L_MergedGlobals)
    biquad_state_q15                         0x200001b0   Data           8  main.o(.bss..L_MergedGlobals)
    currentConfig                            0x200001b8   Data          12  main.o(.bss..L_MergedGlobals)
    S_q15                                    0x200001c4   Data          16  main.o(.bss..L_MergedGlobals)
    hadc                                     0x200001d8   Data          64  main.o(.bss.hadc)
    hi2c1                                    0x20000218   Data          84  main.o(.bss.hi2c1)
    htim2                                    0x2000026c   Data          72  main.o(.bss.htim2)
    htim6                                    0x200002b4   Data          72  main.o(.bss.htim6)
    huart2                                   0x200002fc   Data         136  main.o(.bss.huart2)
    msg                                      0x20000384   Data          64  main.o(.bss.msg)
    pFlash                                   0x200003c8   Data          32  stm32f0xx_hal_flash.o(.bss.pFlash)
    uwTick                                   0x200003e8   Data           4  stm32f0xx_hal.o(.bss.uwTick)



==============================================================================

Memory Map of the image

  Image Entry point : 0x080000bd

  Load Region LR_IROM1 (Base: 0x08000000, Size: 0x00006848, Max: 0x00040000, ABSOLUTE)

    Execution Region ER_IROM1 (Exec base: 0x08000000, Load base: 0x08000000, Size: 0x0000681c, Max: 0x00040000, ABSOLUTE)

    Exec Addr    Load Addr    Size         Type   Attr      Idx    E Section Name        Object

    0x08000000   0x08000000   0x000000bc   Data   RO            3    RESET               startup_stm32f091xc.o
    0x080000bc   0x080000bc   0x00000008   Code   RO         3278  * !!!main             c_p.l(__main.o)
    0x080000c4   0x080000c4   0x00000054   Code   RO         3902    !!!scatter          c_p.l(__scatter.o)
    0x08000118   0x08000118   0x0000001a   Code   RO         3906    !!handler_copy      c_p.l(__scatter_copy.o)
    0x08000132   0x08000132   0x00000002   PAD
    0x08000134   0x08000134   0x00000002   Code   RO         3903    !!handler_null      c_p.l(__scatter.o)
    0x08000136   0x08000136   0x00000002   PAD
    0x08000138   0x08000138   0x0000001c   Code   RO         3908    !!handler_zi        c_p.l(__scatter_zi.o)
    0x08000154   0x08000154   0x00000002   Code   RO         3253    .ARM.Collect$$_printf_percent$$00000000  c_p.l(_printf_percent.o)
    0x08000156   0x08000156   0x0000000a   Code   RO         3252    .ARM.Collect$$_printf_percent$$00000003  c_p.l(_printf_f.o)
    0x08000160   0x08000160   0x0000000a   Code   RO         3251    .ARM.Collect$$_printf_percent$$00000009  c_p.l(_printf_d.o)
    0x0800016a   0x0800016a   0x00000004   Code   RO         3449    .ARM.Collect$$_printf_percent$$00000017  c_p.l(_printf_percent_end.o)
    0x0800016e   0x0800016e   0x00000002   Code   RO         3707    .ARM.Collect$$libinit$$00000000  c_p.l(libinit.o)
    0x08000170   0x08000170   0x00000000   Code   RO         3709    .ARM.Collect$$libinit$$00000002  c_p.l(libinit2.o)
    0x08000170   0x08000170   0x00000000   Code   RO         3711    .ARM.Collect$$libinit$$00000004  c_p.l(libinit2.o)
    0x08000170   0x08000170   0x00000000   Code   RO         3713    .ARM.Collect$$libinit$$00000006  c_p.l(libinit2.o)
    0x08000170   0x08000170   0x00000008   Code   RO         3714    .ARM.Collect$$libinit$$00000007  c_p.l(libinit2.o)
    0x08000178   0x08000178   0x00000000   Code   RO         3716    .ARM.Collect$$libinit$$0000000C  c_p.l(libinit2.o)
    0x08000178   0x08000178   0x00000000   Code   RO         3718    .ARM.Collect$$libinit$$0000000E  c_p.l(libinit2.o)
    0x08000178   0x08000178   0x00000000   Code   RO         3720    .ARM.Collect$$libinit$$00000010  c_p.l(libinit2.o)
    0x08000178   0x08000178   0x00000006   Code   RO         3721    .ARM.Collect$$libinit$$00000011  c_p.l(libinit2.o)
    0x0800017e   0x0800017e   0x00000000   Code   RO         3723    .ARM.Collect$$libinit$$00000013  c_p.l(libinit2.o)
    0x0800017e   0x0800017e   0x0000000c   Code   RO         3724    .ARM.Collect$$libinit$$00000014  c_p.l(libinit2.o)
    0x0800018a   0x0800018a   0x00000000   Code   RO         3725    .ARM.Collect$$libinit$$00000015  c_p.l(libinit2.o)
    0x0800018a   0x0800018a   0x00000000   Code   RO         3727    .ARM.Collect$$libinit$$00000017  c_p.l(libinit2.o)
    0x0800018a   0x0800018a   0x0000000a   Code   RO         3728    .ARM.Collect$$libinit$$00000018  c_p.l(libinit2.o)
    0x08000194   0x08000194   0x00000000   Code   RO         3729    .ARM.Collect$$libinit$$00000019  c_p.l(libinit2.o)
    0x08000194   0x08000194   0x00000000   Code   RO         3731    .ARM.Collect$$libinit$$0000001B  c_p.l(libinit2.o)
    0x08000194   0x08000194   0x00000000   Code   RO         3733    .ARM.Collect$$libinit$$0000001D  c_p.l(libinit2.o)
    0x08000194   0x08000194   0x00000000   Code   RO         3735    .ARM.Collect$$libinit$$0000001F  c_p.l(libinit2.o)
    0x08000194   0x08000194   0x00000000   Code   RO         3737    .ARM.Collect$$libinit$$00000021  c_p.l(libinit2.o)
    0x08000194   0x08000194   0x00000000   Code   RO         3739    .ARM.Collect$$libinit$$00000023  c_p.l(libinit2.o)
    0x08000194   0x08000194   0x00000000   Code   RO         3741    .ARM.Collect$$libinit$$00000025  c_p.l(libinit2.o)
    0x08000194   0x08000194   0x00000004   Code   RO         3742    .ARM.Collect$$libinit$$00000026  c_p.l(libinit2.o)
    0x08000198   0x08000198   0x00000000   Code   RO         3743    .ARM.Collect$$libinit$$00000027  c_p.l(libinit2.o)
    0x08000198   0x08000198   0x00000000   Code   RO         3747    .ARM.Collect$$libinit$$0000002E  c_p.l(libinit2.o)
    0x08000198   0x08000198   0x00000000   Code   RO         3749    .ARM.Collect$$libinit$$00000030  c_p.l(libinit2.o)
    0x08000198   0x08000198   0x00000000   Code   RO         3751    .ARM.Collect$$libinit$$00000032  c_p.l(libinit2.o)
    0x08000198   0x08000198   0x00000000   Code   RO         3753    .ARM.Collect$$libinit$$00000034  c_p.l(libinit2.o)
    0x08000198   0x08000198   0x00000002   Code   RO         3754    .ARM.Collect$$libinit$$00000035  c_p.l(libinit2.o)
    0x0800019a   0x0800019a   0x00000002   Code   RO         3884    .ARM.Collect$$libshutdown$$00000000  c_p.l(libshutdown.o)
    0x0800019c   0x0800019c   0x00000000   Code   RO         3756    .ARM.Collect$$libshutdown$$00000002  c_p.l(libshutdown2.o)
    0x0800019c   0x0800019c   0x00000004   Code   RO         3757    .ARM.Collect$$libshutdown$$00000003  c_p.l(libshutdown2.o)
    0x080001a0   0x080001a0   0x00000000   Code   RO         3758    .ARM.Collect$$libshutdown$$00000004  c_p.l(libshutdown2.o)
    0x080001a0   0x080001a0   0x00000000   Code   RO         3761    .ARM.Collect$$libshutdown$$00000007  c_p.l(libshutdown2.o)
    0x080001a0   0x080001a0   0x00000000   Code   RO         3764    .ARM.Collect$$libshutdown$$0000000A  c_p.l(libshutdown2.o)
    0x080001a0   0x080001a0   0x00000000   Code   RO         3766    .ARM.Collect$$libshutdown$$0000000C  c_p.l(libshutdown2.o)
    0x080001a0   0x080001a0   0x00000000   Code   RO         3769    .ARM.Collect$$libshutdown$$0000000F  c_p.l(libshutdown2.o)
    0x080001a0   0x080001a0   0x00000002   Code   RO         3770    .ARM.Collect$$libshutdown$$00000010  c_p.l(libshutdown2.o)
    0x080001a2   0x080001a2   0x00000000   Code   RO         3421    .ARM.Collect$$rtentry$$00000000  c_p.l(__rtentry.o)
    0x080001a2   0x080001a2   0x00000000   Code   RO         3544    .ARM.Collect$$rtentry$$00000002  c_p.l(__rtentry2.o)
    0x080001a2   0x080001a2   0x00000006   Code   RO         3556    .ARM.Collect$$rtentry$$00000004  c_p.l(__rtentry4.o)
    0x080001a8   0x080001a8   0x00000000   Code   RO         3546    .ARM.Collect$$rtentry$$00000009  c_p.l(__rtentry2.o)
    0x080001a8   0x080001a8   0x00000004   Code   RO         3547    .ARM.Collect$$rtentry$$0000000A  c_p.l(__rtentry2.o)
    0x080001ac   0x080001ac   0x00000000   Code   RO         3549    .ARM.Collect$$rtentry$$0000000C  c_p.l(__rtentry2.o)
    0x080001ac   0x080001ac   0x00000008   Code   RO         3550    .ARM.Collect$$rtentry$$0000000D  c_p.l(__rtentry2.o)
    0x080001b4   0x080001b4   0x00000002   Code   RO         3782    .ARM.Collect$$rtexit$$00000000  c_p.l(rtexit.o)
    0x080001b6   0x080001b6   0x00000000   Code   RO         3841    .ARM.Collect$$rtexit$$00000002  c_p.l(rtexit2.o)
    0x080001b6   0x080001b6   0x00000004   Code   RO         3842    .ARM.Collect$$rtexit$$00000003  c_p.l(rtexit2.o)
    0x080001ba   0x080001ba   0x00000006   Code   RO         3843    .ARM.Collect$$rtexit$$00000004  c_p.l(rtexit2.o)
    0x080001c0   0x080001c0   0x00000038   Code   RO            4    .text               startup_stm32f091xc.o
    0x080001f8   0x080001f8   0x00000026   Code   RO         3211    .text               c_p.l(llsshr.o)
    0x0800021e   0x0800021e   0x00000030   Code   RO         3213    .text               c_p.l(llmul.o)
    0x0800024e   0x0800024e   0x00000002   PAD
    0x08000250   0x08000250   0x0000001c   Code   RO         3223    .text               c_p.l(noretval__2printf.o)
    0x0800026c   0x0800026c   0x00000028   Code   RO         3225    .text               c_p.l(noretval__2sprintf.o)
    0x08000294   0x08000294   0x0000006c   Code   RO         3229    .text               c_p.l(_printf_dec.o)
    0x08000300   0x08000300   0x0000010e   Code   RO         3239    .text               c_p.l(__printf_wp.o)
    0x0800040e   0x0800040e   0x0000001a   Code   RO         3254    .text               c_p.l(atol.o)
    0x08000428   0x08000428   0x0000002c   Code   RO         3256    .text               c_p.l(puts.o)
    0x08000454   0x08000454   0x00000044   Code   RO         3258    .text               c_p.l(strlen.o)
    0x08000498   0x08000498   0x00000040   Code   RO         3266    .text               c_p.l(rt_memclr.o)
    0x080004d8   0x080004d8   0x000001f8   Code   RO         3268    .text               c_p.l(aeabi_sdivfast.o)
    0x080006d0   0x080006d0   0x00000006   Code   RO         3276    .text               c_p.l(heapauxi.o)
    0x080006d6   0x080006d6   0x00000002   PAD
    0x080006d8   0x080006d8   0x0000007c   Code   RO         3280    .text               fz_ps.l(d2f.o)
    0x08000754   0x08000754   0x00000448   Code   RO         3310    .text               fz_ps.l(ddiv.o)
    0x08000b9c   0x08000b9c   0x00000058   Code   RO         3317    .text               fz_ps.l(dflti.o)
    0x08000bf4   0x08000bf4   0x00000084   Code   RO         3319    .text               fz_ps.l(dfltl.o)
    0x08000c78   0x08000c78   0x00000248   Code   RO         3321    .text               fz_ps.l(dmul.o)
    0x08000ec0   0x08000ec0   0x00000054   Code   RO         3323    .text               fz_ps.l(f2d.o)
    0x08000f14   0x08000f14   0x00000160   Code   RO         3357    .text               fz_ps.l(fdiv.o)
    0x08001074   0x08001074   0x0000005e   Code   RO         3364    .text               fz_ps.l(fflti.o)
    0x080010d2   0x080010d2   0x00000002   PAD
    0x080010d4   0x080010d4   0x00000008   Code   RO         3433    .text               c_p.l(rt_errno_addr_intlibspace.o)
    0x080010dc   0x080010dc   0x00000016   Code   RO         3435    .text               c_p.l(_rserrno.o)
    0x080010f2   0x080010f2   0x000000b0   Code   RO         3437    .text               c_p.l(_printf_intcommon.o)
    0x080011a2   0x080011a2   0x00000002   PAD
    0x080011a4   0x080011a4   0x00000414   Code   RO         3439    .text               c_p.l(_printf_fp_dec.o)
    0x080015b8   0x080015b8   0x00000030   Code   RO         3443    .text               c_p.l(_printf_char_common.o)
    0x080015e8   0x080015e8   0x0000000a   Code   RO         3445    .text               c_p.l(_sputc.o)
    0x080015f2   0x080015f2   0x00000002   PAD
    0x080015f4   0x080015f4   0x00000028   Code   RO         3447    .text               c_p.l(_printf_char_file.o)
    0x0800161c   0x0800161c   0x00000070   Code   RO         3450    .text               c_p.l(strtol.o)
    0x0800168c   0x0800168c   0x00000028   Code   RO         3458    .text               c_p.l(rtudiv10.o)
    0x080016b4   0x080016b4   0x00000100   Code   RO         3470    .text               fz_ps.l(dsqrt.o)
    0x080017b4   0x080017b4   0x00000008   Code   RO         3540    .text               c_p.l(libspace.o)
    0x080017bc   0x080017bc   0x00000010   Code   RO         3558    .text               c_p.l(rt_ctype_table.o)
    0x080017cc   0x080017cc   0x00000008   Code   RO         3565    .text               c_p.l(rt_locale_intlibspace.o)
    0x080017d4   0x080017d4   0x0000007a   Code   RO         3569    .text               c_p.l(lludiv10.o)
    0x0800184e   0x0800184e   0x00000002   PAD
    0x08001850   0x08001850   0x00000088   Code   RO         3571    .text               c_p.l(_printf_fp_infnan.o)
    0x080018d8   0x080018d8   0x000000a6   Code   RO         3575    .text               c_p.l(_strtoul.o)
    0x0800197e   0x0800197e   0x00000002   PAD
    0x08001980   0x08001980   0x000000d8   Code   RO         3577    .text               c_p.l(bigflt0.o)
    0x08001a58   0x08001a58   0x00000580   Code   RO         3580    .text               c_p.l(btod.o)
    0x08001fd8   0x08001fd8   0x00000008   Code   RO         3587    .text               c_p.l(ferror.o)
    0x08001fe0   0x08001fe0   0x0000013c   Code   RO         3589    .text               c_p.l(initio.o)
    0x0800211c   0x0800211c   0x0000003e   Code   RO         3607    .text               c_p.l(sys_stackheap_outer.o)
    0x0800215a   0x0800215a   0x00000062   Code   RO         3614    .text               c_p.l(h1_alloc.o)
    0x080021bc   0x080021bc   0x0000004c   Code   RO         3616    .text               c_p.l(h1_free.o)
    0x08002208   0x08002208   0x0000001e   Code   RO         3672    .text               c_p.l(_chval.o)
    0x08002226   0x08002226   0x00000002   PAD
    0x08002228   0x08002228   0x0000004c   Code   RO         3676    .text               c_p.l(setvbuf.o)
    0x08002274   0x08002274   0x000000f0   Code   RO         3679    .text               c_p.l(fopen.o)
    0x08002364   0x08002364   0x00000048   Code   RO         3681    .text               c_p.l(fclose.o)
    0x080023ac   0x080023ac   0x00000010   Code   RO         3690    .text               c_p.l(exit.o)
    0x080023bc   0x080023bc   0x0000000c   Code   RO         3696    .text               c_p.l(defsig_rtred_outer.o)
    0x080023c8   0x080023c8   0x000000b0   Code   RO         3700    .text               c_p.l(strcmpv6m.o)
    0x08002478   0x08002478   0x00000066   Code   RO         3777    .text               c_p.l(sys_io.o)
    0x080024de   0x080024de   0x00000002   PAD
    0x080024e0   0x080024e0   0x00000008   Code   RO         3789    .text               c_p.l(rt_heap_descriptor_intlibspace.o)
    0x080024e8   0x080024e8   0x00000004   Code   RO         3791    .text               c_p.l(hguard.o)
    0x080024ec   0x080024ec   0x00000088   Code   RO         3793    .text               c_p.l(init_alloc.o)
    0x08002574   0x08002574   0x0000000c   Code   RO         3797    .text               c_p.l(h1_init.o)
    0x08002580   0x08002580   0x000000f4   Code   RO         3811    .text               c_p.l(fseek.o)
    0x08002674   0x08002674   0x0000010c   Code   RO         3813    .text               c_p.l(stdio.o)
    0x08002780   0x08002780   0x0000000c   Code   RO         3815    .text               c_p.l(defsig_exit.o)
    0x0800278c   0x0800278c   0x00000034   Code   RO         3819    .text               c_p.l(defsig_rtred_inner.o)
    0x080027c0   0x080027c0   0x0000000c   Code   RO         3831    .text               c_p.l(sys_exit.o)
    0x080027cc   0x080027cc   0x00000002   Code   RO         3837    .text               c_p.l(use_no_semi.o)
    0x080027ce   0x080027ce   0x00000000   Code   RO         3839    .text               c_p.l(indicate_semi.o)
    0x080027ce   0x080027ce   0x00000000   Code   RO         3849    .text               c_p.l(maybetermalloc1.o)
    0x080027ce   0x080027ce   0x00000034   Code   RO         3851    .text               c_p.l(h1_extend.o)
    0x08002802   0x08002802   0x00000042   Code   RO         3855    .text               c_p.l(ftell.o)
    0x08002844   0x08002844   0x00000034   Code   RO         3859    .text               c_p.l(defsig_general.o)
    0x08002878   0x08002878   0x0000000c   Code   RO         3861    .text               c_p.l(defsig_rtmem_outer.o)
    0x08002884   0x08002884   0x0000000c   Code   RO         3872    .text               c_p.l(sys_wrch.o)
    0x08002890   0x08002890   0x00000050   Code   RO         3878    .text               c_p.l(defsig_rtmem_inner.o)
    0x080028e0   0x080028e0   0x000000b0   Code   RO          104    .text.ADC_Enable    stm32f0xx_hal_adc.o
    0x08002990   0x08002990   0x000000b0   Code   RO          608    .text.FLASH_WaitForLastOperation  stm32f0xx_hal_flash.o
    0x08002a40   0x08002a40   0x00000144   Code   RO          138    .text.HAL_ADC_ConfigChannel  stm32f0xx_hal_adc.o
    0x08002b84   0x08002b84   0x00000006   Code   RO          126    .text.HAL_ADC_GetValue  stm32f0xx_hal_adc.o
    0x08002b8a   0x08002b8a   0x00000002   PAD
    0x08002b8c   0x08002b8c   0x00000150   Code   RO           94    .text.HAL_ADC_Init  stm32f0xx_hal_adc.o
    0x08002cdc   0x08002cdc   0x00000060   Code   RO           70    .text.HAL_ADC_MspInit  stm32f0xx_hal_msp.o
    0x08002d3c   0x08002d3c   0x00000064   Code   RO          102    .text.HAL_ADC_Start  stm32f0xx_hal_adc.o
    0x08002da0   0x08002da0   0x000000e0   Code   RO          639    .text.HAL_FLASHEx_Erase  stm32f0xx_hal_flash_ex.o
    0x08002e80   0x08002e80   0x00000014   Code   RO          620    .text.HAL_FLASH_Lock  stm32f0xx_hal_flash.o
    0x08002e94   0x08002e94   0x0000022c   Code   RO          606    .text.HAL_FLASH_Program  stm32f0xx_hal_flash.o
    0x080030c0   0x080030c0   0x00000028   Code   RO          618    .text.HAL_FLASH_Unlock  stm32f0xx_hal_flash.o
    0x080030e8   0x080030e8   0x000001a0   Code   RO          460    .text.HAL_GPIO_Init  stm32f0xx_hal_gpio.o
    0x08003288   0x08003288   0x00000010   Code   RO          466    .text.HAL_GPIO_WritePin  stm32f0xx_hal_gpio.o
    0x08003298   0x08003298   0x00000008   Code   RO          242    .text.HAL_GetTick   stm32f0xx_hal.o
    0x080032a0   0x080032a0   0x00000042   Code   RO          440    .text.HAL_I2CEx_ConfigAnalogFilter  stm32f0xx_hal_i2c_ex.o
    0x080032e2   0x080032e2   0x00000042   Code   RO          442    .text.HAL_I2CEx_ConfigDigitalFilter  stm32f0xx_hal_i2c_ex.o
    0x08003324   0x08003324   0x000000b4   Code   RO          286    .text.HAL_I2C_Init  stm32f0xx_hal_i2c.o
    0x080033d8   0x080033d8   0x000001d0   Code   RO          294    .text.HAL_I2C_Master_Transmit  stm32f0xx_hal_i2c.o
    0x080035a8   0x080035a8   0x00000068   Code   RO           74    .text.HAL_I2C_MspInit  stm32f0xx_hal_msp.o
    0x08003610   0x08003610   0x00000014   Code   RO          240    .text.HAL_IncTick   stm32f0xx_hal.o
    0x08003624   0x08003624   0x0000001c   Code   RO          230    .text.HAL_Init      stm32f0xx_hal.o
    0x08003640   0x08003640   0x00000040   Code   RO          232    .text.HAL_InitTick  stm32f0xx_hal.o
    0x08003680   0x08003680   0x0000002c   Code   RO           68    .text.HAL_MspInit   stm32f0xx_hal_msp.o
    0x080036ac   0x080036ac   0x00000018   Code   RO          518    .text.HAL_NVIC_EnableIRQ  stm32f0xx_hal_cortex.o
    0x080036c4   0x080036c4   0x00000038   Code   RO          516    .text.HAL_NVIC_SetPriority  stm32f0xx_hal_cortex.o
    0x080036fc   0x080036fc   0x0000014c   Code   RO          198    .text.HAL_RCCEx_PeriphCLKConfig  stm32f0xx_hal_rcc_ex.o
    0x08003848   0x08003848   0x00000164   Code   RO          167    .text.HAL_RCC_ClockConfig  stm32f0xx_hal_rcc.o
    0x080039ac   0x080039ac   0x0000001c   Code   RO          179    .text.HAL_RCC_GetPCLK1Freq  stm32f0xx_hal_rcc.o
    0x080039c8   0x080039c8   0x00000060   Code   RO          169    .text.HAL_RCC_GetSysClockFreq  stm32f0xx_hal_rcc.o
    0x08003a28   0x08003a28   0x00000494   Code   RO          165    .text.HAL_RCC_OscConfig  stm32f0xx_hal_rcc.o
    0x08003ebc   0x08003ebc   0x00000034   Code   RO          524    .text.HAL_SYSTICK_Config  stm32f0xx_hal_cortex.o
    0x08003ef0   0x08003ef0   0x00000002   Code   RO          992    .text.HAL_TIMEx_BreakCallback  stm32f0xx_hal_tim_ex.o
    0x08003ef2   0x08003ef2   0x00000002   Code   RO          988    .text.HAL_TIMEx_CommutCallback  stm32f0xx_hal_tim_ex.o
    0x08003ef4   0x08003ef4   0x0000005c   Code   RO          982    .text.HAL_TIMEx_MasterConfigSynchronization  stm32f0xx_hal_tim_ex.o
    0x08003f50   0x08003f50   0x000000f8   Code   RO          687    .text.HAL_TIM_Base_Init  stm32f0xx_hal_tim.o
    0x08004048   0x08004048   0x00000058   Code   RO           78    .text.HAL_TIM_Base_MspInit  stm32f0xx_hal_msp.o
    0x080040a0   0x080040a0   0x00000050   Code   RO          697    .text.HAL_TIM_Base_Start  stm32f0xx_hal_tim.o
    0x080040f0   0x080040f0   0x00000064   Code   RO          701    .text.HAL_TIM_Base_Start_IT  stm32f0xx_hal_tim.o
    0x08004154   0x08004154   0x0000015c   Code   RO          867    .text.HAL_TIM_ConfigClockSource  stm32f0xx_hal_tim.o
    0x080042b0   0x080042b0   0x00000002   Code   RO          823    .text.HAL_TIM_IC_CaptureCallback  stm32f0xx_hal_tim.o
    0x080042b2   0x080042b2   0x000001ba   Code   RO          821    .text.HAL_TIM_IRQHandler  stm32f0xx_hal_tim.o
    0x0800446c   0x0800446c   0x00000002   Code   RO          825    .text.HAL_TIM_OC_DelayElapsedCallback  stm32f0xx_hal_tim.o
    0x0800446e   0x0800446e   0x00000002   Code   RO          827    .text.HAL_TIM_PWM_PulseFinishedCallback  stm32f0xx_hal_tim.o
    0x08004470   0x08004470   0x000000a8   Code   RO           25    .text.HAL_TIM_PeriodElapsedCallback  main.o
    0x08004518   0x08004518   0x00000002   Code   RO          831    .text.HAL_TIM_TriggerCallback  stm32f0xx_hal_tim.o
    0x0800451a   0x0800451a   0x0000006e   Code   RO         1006    .text.HAL_UART_Init  stm32f0xx_hal_uart.o
    0x08004588   0x08004588   0x00000064   Code   RO           82    .text.HAL_UART_MspInit  stm32f0xx_hal_msp.o
    0x080045ec   0x080045ec   0x0000010c   Code   RO         1030    .text.HAL_UART_Receive  stm32f0xx_hal_uart.o
    0x080046f8   0x080046f8   0x0000018c   Code   RO         1026    .text.HAL_UART_Transmit  stm32f0xx_hal_uart.o
    0x08004884   0x08004884   0x00000002   Code   RO           51    .text.HardFault_Handler  stm32f0xx_it.o
    0x08004886   0x08004886   0x00000002   PAD
    0x08004888   0x08004888   0x0000017c   Code   RO          430    .text.I2C_IsErrorOccurred  stm32f0xx_hal_i2c.o
    0x08004a04   0x08004a04   0x00000070   Code   RO         1186    .text.I2C_LCD_Clear  i2c_lcd.o
    0x08004a74   0x08004a74   0x000002b8   Code   RO         1184    .text.I2C_LCD_Init  i2c_lcd.o
    0x08004d2c   0x08004d2c   0x0000004c   Code   RO         1190    .text.I2C_LCD_SetCursor  i2c_lcd.o
    0x08004d78   0x08004d78   0x000000f4   Code   RO         1220    .text.I2C_LCD_Write4Bits  i2c_lcd.o
    0x08004e6c   0x08004e6c   0x00000032   Code   RO         1194    .text.I2C_LCD_WriteString  i2c_lcd.o
    0x08004e9e   0x08004e9e   0x000000fa   Code   RO          296    .text.I2C_WaitOnFlagUntilTimeout  stm32f0xx_hal_i2c.o
    0x08004f98   0x08004f98   0x00000086   Code   RO          300    .text.I2C_WaitOnSTOPFlagUntilTimeout  stm32f0xx_hal_i2c.o
    0x0800501e   0x0800501e   0x000000a6   Code   RO          298    .text.I2C_WaitOnTXISFlagUntilTimeout  stm32f0xx_hal_i2c.o
    0x080050c4   0x080050c4   0x00000002   Code   RO           49    .text.NMI_Handler   stm32f0xx_it.o
    0x080050c6   0x080050c6   0x00000002   Code   RO           55    .text.PendSV_Handler  stm32f0xx_it.o
    0x080050c8   0x080050c8   0x00000002   Code   RO           53    .text.SVC_Handler   stm32f0xx_it.o
    0x080050ca   0x080050ca   0x00000002   PAD
    0x080050cc   0x080050cc   0x00000064   Code   RO           11    .text.SaveConfig    main.o
    0x08005130   0x08005130   0x00000008   Code   RO           57    .text.SysTick_Handler  stm32f0xx_it.o
    0x08005138   0x08005138   0x00000002   Code   RO         1169    .text.SystemInit    system_stm32f0xx.o
    0x0800513a   0x0800513a   0x00000002   PAD
    0x0800513c   0x0800513c   0x00000010   Code   RO           59    .text.TIM6_DAC_IRQHandler  stm32f0xx_it.o
    0x0800514c   0x0800514c   0x000000d2   Code   RO         1010    .text.UART_AdvFeatureConfig  stm32f0xx_hal_uart.o
    0x0800521e   0x0800521e   0x00000002   PAD
    0x08005220   0x08005220   0x000000d0   Code   RO         1014    .text.UART_CheckIdleState  stm32f0xx_hal_uart.o
    0x080052f0   0x080052f0   0x00000194   Code   RO         1012    .text.UART_SetConfig  stm32f0xx_hal_uart.o
    0x08005484   0x08005484   0x000001bc   Code   RO         1028    .text.UART_WaitOnFlagUntilTimeout  stm32f0xx_hal_uart.o
    0x08005640   0x08005640   0x0000001a   Code   RO         1870    .text.arm_biquad_cascade_df1_init_q15  filteringfunctions.o
    0x0800565a   0x0800565a   0x00000002   PAD
    0x0800565c   0x0800565c   0x00000254   Code   RO         1874    .text.arm_biquad_cascade_df1_q15  filteringfunctions.o
    0x080058b0   0x080058b0   0x00000020   Code   RO           27    .text.fputc         main.o
    0x080058d0   0x080058d0   0x00000874   Code   RO           19    .text.main          main.o
    0x08006144   0x08006144   0x000001f6   Code   RO         3269    .text_divfast       c_p.l(aeabi_sdivfast.o)
    0x0800633a   0x0800633a   0x00000030   Code   RO         3583    i.__ARM_common_ll_muluu  c_p.l(btod.o)
    0x0800636a   0x0800636a   0x00000002   PAD
    0x0800636c   0x0800636c   0x0000002c   Code   RO         3506    i.__ARM_fpclassify  m_ps.l(fpclassify.o)
    0x08006398   0x08006398   0x0000000e   Code   RO         3241    i._is_digit         c_p.l(__printf_wp.o)
    0x080063a6   0x080063a6   0x00000002   PAD
    0x080063a8   0x080063a8   0x00000048   Code   RO         3410    i.sqrt              m_ps.l(sqrt.o)
    0x080063f0   0x080063f0   0x0000002c   Code   RO         3596    locale$$code        c_p.l(lc_numeric_c.o)
    0x0800641c   0x0800641c   0x0000002c   Code   RO         3688    locale$$code        c_p.l(lc_ctype_c.o)
    0x08006448   0x08006448   0x00000010   Code   RO         3370    x$fpl$printf1       fz_ps.l(printf1.o)
    0x08006458   0x08006458   0x00000000   Code   RO         3488    x$fpl$usenofp       fz_ps.l(usenofp.o)
    0x08006458   0x08006458   0x00000080   Data   RO         3311    .constdata          fz_ps.l(ddiv.o)
    0x080064d8   0x080064d8   0x00000040   Data   RO         3358    .constdata          fz_ps.l(fdiv.o)
    0x08006518   0x08006518   0x00000094   Data   RO         3578    .constdata          c_p.l(bigflt0.o)
    0x080065ac   0x080065ac   0x00000004   Data   RO         3602    .constdata          c_p.l(sys_io_names.o)
    0x080065b0   0x080065b0   0x00000004   Data   RO         3603    .constdata          c_p.l(sys_io_names.o)
    0x080065b4   0x080065b4   0x00000004   Data   RO         3604    .constdata          c_p.l(sys_io_names.o)
    0x080065b8   0x080065b8   0x00000010   Data   RO         1174    .rodata.AHBPrescTable  system_stm32f0xx.o
    0x080065c8   0x080065c8   0x00000008   Data   RO         1175    .rodata.APBPrescTable  system_stm32f0xx.o
    0x080065d0   0x080065d0   0x0000000c   Data   RO         1231    .rodata.I2C_LCD_CfgParam  i2c_lcd_cfg.o
    0x080065dc   0x080065dc   0x00000020   Data   RO          189    .rodata.cst16       stm32f0xx_hal_rcc.o
    0x080065fc   0x080065fc   0x00000010   Data   RO         1132    .rodata.cst16       stm32f0xx_hal_uart.o
    0x0800660c   0x0800660c   0x000000c3   Data   RO           33    .rodata.str1.1      main.o
    0x080066cf   0x080066cf   0x00000001   PAD
    0x080066d0   0x080066d0   0x00000020   Data   RO         3901    Region$$Table       anon$$obj.o
    0x080066f0   0x080066f0   0x0000001c   Data   RO         3595    locale$$data        c_p.l(lc_numeric_c.o)
    0x0800670c   0x0800670c   0x00000110   Data   RO         3687    locale$$data        c_p.l(lc_ctype_c.o)


    Execution Region RW_IRAM1 (Exec base: 0x20000000, Load base: 0x08006820, Size: 0x000009f0, Max: 0x00008000, ABSOLUTE)

    Exec Addr    Load Addr    Size         Type   Attr      Idx    E Section Name        Object

    0x20000000   0x08006820   0x00000004   Data   RW         3455    .data               c_p.l(stdio_streams.o)
    0x20000004   0x08006824   0x00000004   Data   RW         3456    .data               c_p.l(stdio_streams.o)
    0x20000008   0x08006828   0x00000004   Data   RW         3457    .data               c_p.l(stdio_streams.o)
    0x2000000c   0x0800682c   0x00000008   Data   RW          277    .data..L_MergedGlobals  stm32f0xx_hal.o
    0x20000014   0x08006834   0x00000004   Data   RW         1173    .data.SystemCoreClock  system_stm32f0xx.o
    0x20000018   0x08006838   0x0000000c   Data   RW           31    .data.biquad_coeffs_q15  main.o
    0x20000024   0x08006844   0x00000004   PAD
    0x20000028        -       0x00000054   Zero   RW         3452    .bss                c_p.l(stdio_streams.o)
    0x2000007c        -       0x00000054   Zero   RW         3453    .bss                c_p.l(stdio_streams.o)
    0x200000d0        -       0x00000054   Zero   RW         3454    .bss                c_p.l(stdio_streams.o)
    0x20000124        -       0x00000060   Zero   RW         3541    .bss                c_p.l(libspace.o)
    0x20000184   0x08006844   0x00000004   PAD
    0x20000188        -       0x0000004c   Zero   RW           40    .bss..L_MergedGlobals  main.o
    0x200001d4        -       0x00000002   Zero   RW         1222    .bss.I2C_LCD_InfoParam_g  i2c_lcd.o
    0x200001d6   0x08006844   0x00000002   PAD
    0x200001d8        -       0x00000040   Zero   RW           36    .bss.hadc           main.o
    0x20000218        -       0x00000054   Zero   RW           38    .bss.hi2c1          main.o
    0x2000026c        -       0x00000048   Zero   RW           35    .bss.htim2          main.o
    0x200002b4        -       0x00000048   Zero   RW           34    .bss.htim6          main.o
    0x200002fc        -       0x00000088   Zero   RW           32    .bss.huart2         main.o
    0x20000384        -       0x00000040   Zero   RW           37    .bss.msg            main.o
    0x200003c4   0x08006844   0x00000004   PAD
    0x200003c8        -       0x00000020   Zero   RW          630    .bss.pFlash         stm32f0xx_hal_flash.o
    0x200003e8        -       0x00000004   Zero   RW          276    .bss.uwTick         stm32f0xx_hal.o
    0x200003ec   0x08006844   0x00000004   PAD
    0x200003f0        -       0x00000200   Zero   RW            2    HEAP                startup_stm32f091xc.o
    0x200005f0        -       0x00000400   Zero   RW            1    STACK               startup_stm32f091xc.o


==============================================================================

Image component sizes


      Code (inc. data)   RO Data    RW Data    ZI Data      Debug   Object Name

       622          8          0          0          0     418057   filteringfunctions.o
      1178         52          0          0          2      12176   i2c_lcd.o
         0          0         12          0          0       3612   i2c_lcd_cfg.o
      2464        328        195         12        568      20055   main.o
        56         26        188          0       1536        632   startup_stm32f091xc.o
       120          8          0          8          4       5372   stm32f0xx_hal.o
       942         44          0          0          0      14254   stm32f0xx_hal_adc.o
       132         24          0          0          0       5545   stm32f0xx_hal_cortex.o
       792         36          0          0         32       7391   stm32f0xx_hal_flash.o
       224          0          0          0          0       6637   stm32f0xx_hal_flash_ex.o
       432         16          0          0          0       5023   stm32f0xx_hal_gpio.o
      1574         32          0          0          0      68883   stm32f0xx_hal_i2c.o
       132          0          0          0          0       5370   stm32f0xx_hal_i2c_ex.o
       432         40          0          0          0      10849   stm32f0xx_hal_msp.o
      1652         52         32          0          0       8257   stm32f0xx_hal_rcc.o
       332         12          0          0          0       6396   stm32f0xx_hal_rcc_ex.o
      1226         40          0          0          0      64988   stm32f0xx_hal_tim.o
        96          0          0          0          0      23291   stm32f0xx_hal_tim_ex.o
      2040         92         16          0          0      42175   stm32f0xx_hal_uart.o
        32          4          0          0          0       1682   stm32f0xx_it.o
         2          0         24          4          0       1708   system_stm32f0xx.o

    ----------------------------------------------------------------------
     14492        814        500         24       2156     732353   Object Totals
         0          0         32          0          0          0   (incl. Generated)
        12          0          1          0         14          0   (incl. Padding)

    ----------------------------------------------------------------------

      Code (inc. data)   RO Data    RW Data    ZI Data      Debug   Library Member Name

         8          0          0          0          0         68   __main.o
       284          0          0          0          0        136   __printf_wp.o
         0          0          0          0          0          0   __rtentry.o
        12          0          0          0          0          0   __rtentry2.o
         6          0          0          0          0          0   __rtentry4.o
        86         10          0          0          0          0   __scatter.o
        26          0          0          0          0          0   __scatter_copy.o
        28          0          0          0          0          0   __scatter_zi.o
        30          0          0          0          0         60   _chval.o
        48          6          0          0          0         88   _printf_char_common.o
        40          6          0          0          0         72   _printf_char_file.o
        10          0          0          0          0          0   _printf_d.o
       108         18          0          0          0         76   _printf_dec.o
        10          0          0          0          0          0   _printf_f.o
      1044         12          0          0          0        116   _printf_fp_dec.o
       136         16          0          0          0         76   _printf_fp_infnan.o
       176          0          0          0          0         84   _printf_intcommon.o
         2          0          0          0          0          0   _printf_percent.o
         4          0          0          0          0          0   _printf_percent_end.o
        22          0          0          0          0         92   _rserrno.o
        10          0          0          0          0         60   _sputc.o
       166          0          0          0          0         84   _strtoul.o
      1006          4          0          0          0        184   aeabi_sdivfast.o
        26          0          0          0          0         72   atol.o
       216          6        148          0          0         80   bigflt0.o
      1456         30          0          0          0        336   btod.o
        12          0          0          0          0         68   defsig_exit.o
        52          0          0          0          0         72   defsig_general.o
        80         58          0          0          0         68   defsig_rtmem_inner.o
        12          0          0          0          0         68   defsig_rtmem_outer.o
        52         38          0          0          0         68   defsig_rtred_inner.o
        12          0          0          0          0         68   defsig_rtred_outer.o
        16          0          0          0          0         68   exit.o
        72          0          0          0          0         76   fclose.o
         8          0          0          0          0         60   ferror.o
       240         10          0          0          0        108   fopen.o
       244          4          0          0          0         76   fseek.o
        66          0          0          0          0         68   ftell.o
        98          0          0          0          0         72   h1_alloc.o
        52          0          0          0          0         68   h1_extend.o
        76          0          0          0          0         72   h1_free.o
        12          0          0          0          0         76   h1_init.o
         6          0          0          0          0        136   heapauxi.o
         4          0          0          0          0        120   hguard.o
         0          0          0          0          0          0   indicate_semi.o
       136          0          0          0          0        160   init_alloc.o
       316         44          0          0          0         96   initio.o
        44         10        272          0          0         76   lc_ctype_c.o
        44         10         28          0          0         76   lc_numeric_c.o
         2          0          0          0          0          0   libinit.o
        42          0          0          0          0          0   libinit2.o
         2          0          0          0          0          0   libshutdown.o
         6          0          0          0          0          0   libshutdown2.o
         8          4          0          0         96         68   libspace.o
        48          0          0          0          0         72   llmul.o
        38          0          0          0          0         68   llsshr.o
       122          0          0          0          0         72   lludiv10.o
         0          0          0          0          0          0   maybetermalloc1.o
        28          6          0          0          0         84   noretval__2printf.o
        40          4          0          0          0         84   noretval__2sprintf.o
        44          6          0          0          0         68   puts.o
        16          4          0          0          0         76   rt_ctype_table.o
         8          4          0          0          0         68   rt_errno_addr_intlibspace.o
         8          4          0          0          0         68   rt_heap_descriptor_intlibspace.o
         8          4          0          0          0         68   rt_locale_intlibspace.o
        64          0          0          0          0        108   rt_memclr.o
         2          0          0          0          0          0   rtexit.o
        10          0          0          0          0          0   rtexit2.o
        40          0          0          0          0         60   rtudiv10.o
        76          4          0          0          0         72   setvbuf.o
       268         14          0          0          0        152   stdio.o
         0          0          0         12        252          0   stdio_streams.o
       176          4          0          0          0         80   strcmpv6m.o
        68          6          0          0          0         72   strlen.o
       112          4          0          0          0         76   strtol.o
        12          4          0          0          0         60   sys_exit.o
       102          0          0          0          0        232   sys_io.o
         0          0         12          0          0          0   sys_io_names.o
        62          0          0          0          0         80   sys_stackheap_outer.o
        12          0          0          0          0         68   sys_wrch.o
         2          0          0          0          0         68   use_no_semi.o
       124          4          0          0          0         72   d2f.o
      1096         26        128          0          0        112   ddiv.o
        88          0          0          0          0         92   dflti.o
       132          4          0          0          0        100   dfltl.o
       584         26          0          0          0         84   dmul.o
       256          8          0          0          0         76   dsqrt.o
        84          4          0          0          0         60   f2d.o
       352         10         64          0          0         92   fdiv.o
        94          0          0          0          0         92   fflti.o
        16          4          0          0          0         76   printf1.o
         0          0          0          0          0          0   usenofp.o
        44          4          0          0          0         60   fpclassify.o
        72          6          0          0          0         76   sqrt.o

    ----------------------------------------------------------------------
     11008        450        652         12        352       6420   Library Totals
        26          0          0          0          4          0   (incl. Padding)

    ----------------------------------------------------------------------

      Code (inc. data)   RO Data    RW Data    ZI Data      Debug   Library Name

      8040        354        460         12        348       5428   c_p.l
      2826         86        192          0          0        856   fz_ps.l
       116         10          0          0          0        136   m_ps.l

    ----------------------------------------------------------------------
     11008        450        652         12        352       6420   Library Totals

    ----------------------------------------------------------------------

==============================================================================


      Code (inc. data)   RO Data    RW Data    ZI Data      Debug   

     25500       1264       1152         36       2508     735229   Grand Totals
     25500       1264       1152         36       2508     735229   ELF Image Totals
     25500       1264       1152         36          0          0   ROM Totals

==============================================================================

    Total RO  Size (Code + RO Data)                26652 (  26.03kB)
    Total RW  Size (RW Data + ZI Data)              2544 (   2.48kB)
    Total ROM Size (Code + RO Data + RW Data)      26688 (  26.06kB)

==============================================================================

